Component: Arm Compiler for Embedded 6.23 Tool: armlink [5f102400]

==============================================================================

Section Cross References

    startup_stm32g431xx.o(RESET) refers to startup_stm32g431xx.o(STACK) for __initial_sp
    startup_stm32g431xx.o(RESET) refers to startup_stm32g431xx.o(.text) for Reset_Handler
    startup_stm32g431xx.o(RESET) refers to stm32g4xx_it.o(.text.NMI_Handler) for NMI_Handler
    startup_stm32g431xx.o(RESET) refers to stm32g4xx_it.o(.text.HardFault_Handler) for HardFault_Handler
    startup_stm32g431xx.o(RESET) refers to stm32g4xx_it.o(.text.MemManage_Handler) for MemManage_Handler
    startup_stm32g431xx.o(RESET) refers to stm32g4xx_it.o(.text.BusFault_Handler) for BusFault_Handler
    startup_stm32g431xx.o(RESET) refers to stm32g4xx_it.o(.text.UsageFault_Handler) for UsageFault_Handler
    startup_stm32g431xx.o(RESET) refers to stm32g4xx_it.o(.text.SVC_Handler) for SVC_Handler
    startup_stm32g431xx.o(RESET) refers to stm32g4xx_it.o(.text.DebugMon_Handler) for DebugMon_Handler
    startup_stm32g431xx.o(RESET) refers to stm32g4xx_it.o(.text.PendSV_Handler) for PendSV_Handler
    startup_stm32g431xx.o(RESET) refers to stm32g4xx_it.o(.text.SysTick_Handler) for SysTick_Handler
    startup_stm32g431xx.o(RESET) refers to stm32g4xx_it.o(.text.DMA1_Channel1_IRQHandler) for DMA1_Channel1_IRQHandler
    startup_stm32g431xx.o(RESET) refers to stm32g4xx_it.o(.text.DMA1_Channel2_IRQHandler) for DMA1_Channel2_IRQHandler
    startup_stm32g431xx.o(RESET) refers to stm32g4xx_it.o(.text.DMA1_Channel3_IRQHandler) for DMA1_Channel3_IRQHandler
    startup_stm32g431xx.o(RESET) refers to stm32g4xx_it.o(.text.DMA1_Channel4_IRQHandler) for DMA1_Channel4_IRQHandler
    startup_stm32g431xx.o(RESET) refers to stm32g4xx_it.o(.text.USART1_IRQHandler) for USART1_IRQHandler
    startup_stm32g431xx.o(.text) refers to system_stm32g4xx.o(.text.SystemInit) for SystemInit
    startup_stm32g431xx.o(.text) refers to entry.o(.ARM.Collect$$$$00000000) for __main
    main.o(.text.main) refers to stm32g4xx_hal.o(.text.HAL_Init) for HAL_Init
    main.o(.text.main) refers to memseta.o(.text) for __aeabi_memclr4
    main.o(.text.main) refers to stm32g4xx_hal_pwr_ex.o(.text.HAL_PWREx_ControlVoltageScaling) for HAL_PWREx_ControlVoltageScaling
    main.o(.text.main) refers to stm32g4xx_hal_rcc.o(.text.HAL_RCC_OscConfig) for HAL_RCC_OscConfig
    main.o(.text.main) refers to stm32g4xx_hal_rcc.o(.text.HAL_RCC_ClockConfig) for HAL_RCC_ClockConfig
    main.o(.text.main) refers to gpio.o(.text.MX_GPIO_Init) for MX_GPIO_Init
    main.o(.text.main) refers to dma.o(.text.MX_DMA_Init) for MX_DMA_Init
    main.o(.text.main) refers to usart.o(.text.MX_USART1_UART_Init) for MX_USART1_UART_Init
    main.o(.text.main) refers to adc.o(.text.MX_ADC1_Init) for MX_ADC1_Init
    main.o(.text.main) refers to adc.o(.text.MX_ADC2_Init) for MX_ADC2_Init
    main.o(.text.main) refers to rtc.o(.text.MX_RTC_Init) for MX_RTC_Init
    main.o(.text.main) refers to tim.o(.text.MX_TIM1_Init) for MX_TIM1_Init
    main.o(.text.main) refers to tim.o(.text.MX_TIM3_Init) for MX_TIM3_Init
    main.o(.text.main) refers to tim.o(.text.MX_TIM2_Init) for MX_TIM2_Init
    main.o(.text.main) refers to system.o(.text.system_init) for system_init
    main.o(.text.main) refers to key_app.o(.text.key_init) for key_init
    main.o(.text.main) refers to uart_app.o(.bss.usart_rb) for usart_rb
    main.o(.text.main) refers to ringbuffer.o(.text.ringbuffer_init) for ringbuffer_init
    main.o(.text.main) refers to adc_app.o(.bss.dma_buff) for dma_buff
    main.o(.text.main) refers to adc.o(.bss.hadc1) for hadc1
    main.o(.text.main) refers to stm32g4xx_hal_adc.o(.text.HAL_ADC_Start_DMA) for HAL_ADC_Start_DMA
    main.o(.text.main) refers to adc.o(.bss.hadc2) for hadc2
    main.o(.text.main) refers to tim.o(.bss.htim3) for htim3
    main.o(.text.main) refers to tim_app.o(.bss.tim_ic_buffer) for tim_ic_buffer
    main.o(.text.main) refers to stm32g4xx_hal_tim.o(.text.HAL_TIM_IC_Start_DMA) for HAL_TIM_IC_Start_DMA
    main.o(.text.main) refers to tim.o(.bss.htim1) for htim1
    main.o(.text.main) refers to stm32g4xx_hal_tim.o(.text.HAL_TIM_PWM_Start) for HAL_TIM_PWM_Start
    main.o(.text.main) refers to tim.o(.bss.htim2) for htim2
    main.o(.text.main) refers to lcd.o(.text.LCD_Init) for LCD_Init
    main.o(.text.main) refers to lcd.o(.text.LCD_Clear) for LCD_Clear
    main.o(.text.main) refers to lcd.o(.text.LCD_SetTextColor) for LCD_SetTextColor
    main.o(.text.main) refers to lcd.o(.text.LCD_SetBackColor) for LCD_SetBackColor
    main.o(.text.main) refers to scheduler.o(.text.scheduler_init) for scheduler_init
    main.o(.text.main) refers to scheduler.o(.text.scheduler_run) for scheduler_run
    main.o(.ARM.exidx.text.main) refers to main.o(.text.main) for [Anonymous Symbol]
    main.o(.text.SystemClock_Config) refers to memseta.o(.text) for __aeabi_memclr4
[...]
    .text                                    0x08000272   Section        0  memseta.o(.text)
    .text                                    0x08000296   Section        0  uidiv.o(.text)
    .text                                    0x080002c2   Section        0  llshl.o(.text)
    .text                                    0x080002e0   Section        0  llushr.o(.text)
    .text                                    0x08000300   Section        0  iusefp.o(.text)
    .text                                    0x08000300   Section        0  dadd.o(.text)
    .text                                    0x0800044e   Section        0  dmul.o(.text)
    .text                                    0x08000532   Section        0  ddiv.o(.text)
    .text                                    0x08000610   Section        0  dfixul.o(.text)
    .text                                    0x08000640   Section       48  cdrcmple.o(.text)
    .text                                    0x08000670   Section       48  init.o(.text)
    .text                                    0x080006a0   Section        0  llsshr.o(.text)
    .text                                    0x080006c4   Section        0  depilogue.o(.text)
    [Anonymous Symbol]                       0x08000780   Section        0  stm32g4xx_hal_adc.o(.text.ADC_DMAConvCplt)
    [Anonymous Symbol]                       0x080007e0   Section        0  stm32g4xx_hal_adc.o(.text.ADC_DMAError)
    [Anonymous Symbol]                       0x080007f8   Section        0  stm32g4xx_hal_adc.o(.text.ADC_DMAHalfConvCplt)
    [Anonymous Symbol]                       0x08000800   Section        0  stm32g4xx_hal_adc.o(.text.ADC_Enable)
    [Anonymous Symbol]                       0x0800087c   Section        0  stm32g4xx_it.o(.text.BusFault_Handler)
    [Anonymous Symbol]                       0x08000880   Section        0  stm32g4xx_it.o(.text.DMA1_Channel1_IRQHandler)
    [Anonymous Symbol]                       0x0800088c   Section        0  stm32g4xx_it.o(.text.DMA1_Channel2_IRQHandler)
    [Anonymous Symbol]                       0x08000898   Section        0  stm32g4xx_it.o(.text.DMA1_Channel3_IRQHandler)
    [Anonymous Symbol]                       0x080008a4   Section        0  stm32g4xx_it.o(.text.DMA1_Channel4_IRQHandler)
    [Anonymous Symbol]                       0x080008b0   Section        0  stm32g4xx_it.o(.text.DebugMon_Handler)
    [Anonymous Symbol]                       0x080008b4   Section        0  main.o(.text.Error_Handler)
    [Anonymous Symbol]                       0x080008c0   Section        0  stm32g4xx_hal_adc_ex.o(.text.HAL_ADCEx_MultiModeConfigChannel)
    [Anonymous Symbol]                       0x08000984   Section        0  stm32g4xx_hal_adc.o(.text.HAL_ADC_ConfigChannel)
    [Anonymous Symbol]                       0x08000cb8   Section        0  stm32g4xx_hal_adc.o(.text.HAL_ADC_ConvCpltCallback)
    [Anonymous Symbol]                       0x08000cbc   Section        0  stm32g4xx_hal_adc.o(.text.HAL_ADC_ConvHalfCpltCallback)
    [Anonymous Symbol]                       0x08000cc0   Section        0  stm32g4xx_hal_adc.o(.text.HAL_ADC_ErrorCallback)
    [Anonymous Symbol]                       0x08000cc4   Section        0  stm32g4xx_hal_adc.o(.text.HAL_ADC_Init)
    [Anonymous Symbol]                       0x08000ec4   Section        0  adc.o(.text.HAL_ADC_MspInit)
    [Anonymous Symbol]                       0x08001060   Section        0  stm32g4xx_hal_adc.o(.text.HAL_ADC_Start_DMA)
    [Anonymous Symbol]                       0x08001150   Section        0  stm32g4xx_hal_dma.o(.text.HAL_DMA_Abort)
    [Anonymous Symbol]                       0x080011c0   Section        0  stm32g4xx_hal_dma.o(.text.HAL_DMA_Abort_IT)
    [Anonymous Symbol]                       0x08001240   Section        0  stm32g4xx_hal_dma.o(.text.HAL_DMA_IRQHandler)
    [Anonymous Symbol]                       0x080012dc   Section        0  stm32g4xx_hal_dma.o(.text.HAL_DMA_Init)
    [Anonymous Symbol]                       0x08001400   Section        0  stm32g4xx_hal_dma.o(.text.HAL_DMA_Start_IT)
    [Anonymous Symbol]                       0x080014e4   Section        0  stm32g4xx_hal.o(.text.HAL_Delay)
    [Anonymous Symbol]                       0x0800150c   Section        0  stm32g4xx_hal_gpio.o(.text.HAL_GPIO_Init)
    [Anonymous Symbol]                       0x080016b4   Section        0  stm32g4xx_hal_gpio.o(.text.HAL_GPIO_ReadPin)
    [Anonymous Symbol]                       0x080016c0   Section        0  stm32g4xx_hal_gpio.o(.text.HAL_GPIO_WritePin)
    [Anonymous Symbol]                       0x080016cc   Section        0  stm32g4xx_hal.o(.text.HAL_GetTick)
    [Anonymous Symbol]                       0x080016d8   Section        0  stm32g4xx_hal.o(.text.HAL_IncTick)
    [Anonymous Symbol]                       0x080016f4   Section        0  stm32g4xx_hal.o(.text.HAL_Init)
    [Anonymous Symbol]                       0x08001714   Section        0  stm32g4xx_hal.o(.text.HAL_InitTick)
    [Anonymous Symbol]                       0x08001770   Section        0  stm32g4xx_hal_msp.o(.text.HAL_MspInit)
    [Anonymous Symbol]                       0x080017a4   Section        0  stm32g4xx_hal_cortex.o(.text.HAL_NVIC_EnableIRQ)
    [Anonymous Symbol]                       0x080017c8   Section        0  stm32g4xx_hal_cortex.o(.text.HAL_NVIC_SetPriority)
    [Anonymous Symbol]                       0x08001820   Section        0  stm32g4xx_hal_cortex.o(.text.HAL_NVIC_SetPriorityGrouping)
    [Anonymous Symbol]                       0x08001840   Section        0  stm32g4xx_hal_pwr_ex.o(.text.HAL_PWREx_ControlVoltageScaling)
    [Anonymous Symbol]                       0x08001934   Section        0  stm32g4xx_hal_pwr_ex.o(.text.HAL_PWREx_DisableUCPDDeadBattery)
    [Anonymous Symbol]                       0x08001948   Section        0  stm32g4xx_hal_rcc_ex.o(.text.HAL_RCCEx_PeriphCLKConfig)
    [Anonymous Symbol]                       0x08001bfc   Section        0  stm32g4xx_hal_rcc.o(.text.HAL_RCC_ClockConfig)
    [Anonymous Symbol]                       0x08001f10   Section        0  stm32g4xx_hal_rcc.o(.text.HAL_RCC_GetPCLK1Freq)
    [Anonymous Symbol]                       0x08001f3c   Section        0  stm32g4xx_hal_rcc.o(.text.HAL_RCC_GetPCLK2Freq)
    [Anonymous Symbol]                       0x08001f68   Section        0  stm32g4xx_hal_rcc.o(.text.HAL_RCC_GetSysClockFreq)
    [Anonymous Symbol]                       0x08001fec   Section        0  stm32g4xx_hal_rcc.o(.text.HAL_RCC_OscConfig)
    [Anonymous Symbol]                       0x08002480   Section        0  stm32g4xx_hal_rtc.o(.text.HAL_RTC_GetDate)
    [Anonymous Symbol]                       0x080024dc   Section        0  stm32g4xx_hal_rtc.o(.text.HAL_RTC_GetTime)
    [Anonymous Symbol]                       0x08002544   Section        0  stm32g4xx_hal_rtc.o(.text.HAL_RTC_Init)
    [Anonymous Symbol]                       0x08002624   Section        0  rtc.o(.text.HAL_RTC_MspInit)
    [Anonymous Symbol]                       0x08002684   Section        0  stm32g4xx_hal_rtc.o(.text.HAL_RTC_SetDate)
    [Anonymous Symbol]                       0x080027d4   Section        0  stm32g4xx_hal_rtc.o(.text.HAL_RTC_SetTime)
    [Anonymous Symbol]                       0x0800295c   Section        0  stm32g4xx_hal_cortex.o(.text.HAL_SYSTICK_Config)
    [Anonymous Symbol]                       0x08002988   Section        0  stm32g4xx_hal_tim_ex.o(.text.HAL_TIMEx_ConfigBreakDeadTime)
    [Anonymous Symbol]                       0x08002a50   Section        0  stm32g4xx_hal_tim_ex.o(.text.HAL_TIMEx_MasterConfigSynchronization)
    [Anonymous Symbol]                       0x08002afc   Section        0  stm32g4xx_hal_tim.o(.text.HAL_TIM_Base_Init)
    [Anonymous Symbol]                       0x08002b60   Section        0  tim.o(.text.HAL_TIM_Base_MspInit)
    [Anonymous Symbol]                       0x08002c64   Section        0  stm32g4xx_hal_tim.o(.text.HAL_TIM_ConfigClockSource)
    [Anonymous Symbol]                       0x08002e48   Section        0  stm32g4xx_hal_tim.o(.text.HAL_TIM_ErrorCallback)
    [Anonymous Symbol]                       0x08002e4c   Section        0  stm32g4xx_hal_tim.o(.text.HAL_TIM_IC_CaptureCallback)
    [Anonymous Symbol]                       0x08002e50   Section        0  stm32g4xx_hal_tim.o(.text.HAL_TIM_IC_CaptureHalfCpltCallback)
    [Anonymous Symbol]                       0x08002e54   Section        0  stm32g4xx_hal_tim.o(.text.HAL_TIM_IC_ConfigChannel)
    [Anonymous Symbol]                       0x08002fbc   Section        0  stm32g4xx_hal_tim.o(.text.HAL_TIM_IC_Init)
    [Anonymous Symbol]                       0x08003020   Section        0  stm32g4xx_hal_tim.o(.text.HAL_TIM_IC_MspInit)
    [Anonymous Symbol]                       0x08003024   Section        0  stm32g4xx_hal_tim.o(.text.HAL_TIM_IC_Start_DMA)
    [Anonymous Symbol]                       0x08003274   Section        0  stm32g4xx_hal_tim.o(.text.HAL_TIM_PWM_ConfigChannel)
    [Anonymous Symbol]                       0x0800362c   Section        0  stm32g4xx_hal_tim.o(.text.HAL_TIM_PWM_Init)
    [Anonymous Symbol]                       0x08003690   Section        0  stm32g4xx_hal_tim.o(.text.HAL_TIM_PWM_MspInit)
    [Anonymous Symbol]                       0x08003694   Section        0  stm32g4xx_hal_tim.o(.text.HAL_TIM_PWM_Start)
    [Anonymous Symbol]                       0x080037dc   Section        0  stm32g4xx_hal_tim.o(.text.HAL_TIM_SlaveConfigSynchro)
    [Anonymous Symbol]                       0x08003828   Section        0  stm32g4xx_hal_uart_ex.o(.text.HAL_UARTEx_DisableFifoMode)
    [Anonymous Symbol]                       0x08003860   Section        0  stm32g4xx_hal_uart_ex.o(.text.HAL_UARTEx_ReceiveToIdle_DMA)
    [Anonymous Symbol]                       0x080038b4   Section        0  uart_app.o(.text.HAL_UARTEx_RxEventCallback)
    [Anonymous Symbol]                       0x080038ec   Section        0  stm32g4xx_hal_uart_ex.o(.text.HAL_UARTEx_RxFifoFullCallback)
    [Anonymous Symbol]                       0x080038f0   Section        0  stm32g4xx_hal_uart_ex.o(.text.HAL_UARTEx_SetRxFifoThreshold)
    [Anonymous Symbol]                       0x08003984   Section        0  stm32g4xx_hal_uart_ex.o(.text.HAL_UARTEx_SetTxFifoThreshold)
    [Anonymous Symbol]                       0x08003a18   Section        0  stm32g4xx_hal_uart_ex.o(.text.HAL_UARTEx_TxFifoEmptyCallback)
    [Anonymous Symbol]                       0x08003a1c   Section        0  stm32g4xx_hal_uart_ex.o(.text.HAL_UARTEx_WakeupCallback)
    [Anonymous Symbol]                       0x08003a20   Section        0  stm32g4xx_hal_uart.o(.text.HAL_UART_ErrorCallback)
    [Anonymous Symbol]                       0x08003a24   Section        0  stm32g4xx_hal_uart.o(.text.HAL_UART_IRQHandler)
    [Anonymous Symbol]                       0x08003d0c   Section        0  stm32g4xx_hal_uart.o(.text.HAL_UART_Init)
    [Anonymous Symbol]                       0x08003d70   Section        0  usart.o(.text.HAL_UART_MspInit)
    [Anonymous Symbol]                       0x08003e48   Section        0  stm32g4xx_hal_uart.o(.text.HAL_UART_RxCpltCallback)
    [Anonymous Symbol]                       0x08003e4c   Section        0  stm32g4xx_hal_uart.o(.text.HAL_UART_RxHalfCpltCallback)
    [Anonymous Symbol]                       0x08003e50   Section        0  stm32g4xx_hal_uart.o(.text.HAL_UART_Transmit)
    [Anonymous Symbol]                       0x08003f28   Section        0  stm32g4xx_hal_uart.o(.text.HAL_UART_TxCpltCallback)
    [Anonymous Symbol]                       0x08003f2c   Section        0  stm32g4xx_it.o(.text.HardFault_Handler)
    [Anonymous Symbol]                       0x08003f30   Section        0  lcd.o(.text.LCD_Clear)
    [Anonymous Symbol]                       0x08004054   Section        0  lcd.o(.text.LCD_Init)
    [Anonymous Symbol]                       0x08004294   Section        0  lcd.o(.text.LCD_SetBackColor)
    [Anonymous Symbol]                       0x080042ac   Section        0  lcd.o(.text.LCD_SetTextColor)
    [Anonymous Symbol]                       0x080042c4   Section        0  adc.o(.text.MX_ADC1_Init)
    [Anonymous Symbol]                       0x08004374   Section        0  adc.o(.text.MX_ADC2_Init)
    [Anonymous Symbol]                       0x08004408   Section        0  dma.o(.text.MX_DMA_Init)
    [Anonymous Symbol]                       0x08004480   Section        0  gpio.o(.text.MX_GPIO_Init)
    [Anonymous Symbol]                       0x080045cc   Section        0  rtc.o(.text.MX_RTC_Init)
    [Anonymous Symbol]                       0x08004668   Section        0  tim.o(.text.MX_TIM1_Init)
    [Anonymous Symbol]                       0x080047f0   Section        0  tim.o(.text.MX_TIM2_Init)
    [Anonymous Symbol]                       0x08004930   Section        0  tim.o(.text.MX_TIM3_Init)
    [Anonymous Symbol]                       0x08004a1c   Section        0  usart.o(.text.MX_USART1_UART_Init)
    [Anonymous Symbol]                       0x08004ac4   Section        0  stm32g4xx_it.o(.text.MemManage_Handler)
    [Anonymous Symbol]                       0x08004ac8   Section        0  stm32g4xx_it.o(.text.NMI_Handler)
    [Anonymous Symbol]                       0x08004acc   Section        0  stm32g4xx_it.o(.text.PendSV_Handler)
    [Anonymous Symbol]                       0x08004ad0   Section        0  lcd.o(.text.REG_8230_Init)
    [Anonymous Symbol]                       0x08005544   Section        0  lcd.o(.text.REG_932X_Init)
    [Anonymous Symbol]                       0x08006984   Section        0  stm32g4xx_hal_rtc.o(.text.RTC_ExitInitMode)
    [Anonymous Symbol]                       0x08006a1c   Section        0  stm32g4xx_it.o(.text.SVC_Handler)
    [Anonymous Symbol]                       0x08006a20   Section        0  stm32g4xx_it.o(.text.SysTick_Handler)
    [Anonymous Symbol]                       0x08006a24   Section        0  system_stm32g4xx.o(.text.SystemInit)
    [Anonymous Symbol]                       0x08006a38   Section        0  stm32g4xx_hal_tim.o(.text.TIM_Base_SetConfig)
    [Anonymous Symbol]                       0x08006b40   Section        0  stm32g4xx_hal_tim.o(.text.TIM_DMACaptureCplt)
    [Anonymous Symbol]                       0x08006bb4   Section        0  stm32g4xx_hal_tim.o(.text.TIM_DMACaptureHalfCplt)
    [Anonymous Symbol]                       0x08006bec   Section        0  stm32g4xx_hal_tim.o(.text.TIM_DMAError)
    TIM_SlaveTimer_SetConfig                 0x08006c49   Thumb Code   234  stm32g4xx_hal_tim.o(.text.TIM_SlaveTimer_SetConfig)
    [Anonymous Symbol]                       0x08006c48   Section        0  stm32g4xx_hal_tim.o(.text.TIM_SlaveTimer_SetConfig)
    [Anonymous Symbol]                       0x08006d34   Section        0  stm32g4xx_hal_uart.o(.text.UART_AdvFeatureConfig)
    [Anonymous Symbol]                       0x08006e1c   Section        0  stm32g4xx_hal_uart.o(.text.UART_CheckIdleState)
    UART_DMAAbortOnError                     0x08006ee5   Thumb Code    16  stm32g4xx_hal_uart.o(.text.UART_DMAAbortOnError)
    [Anonymous Symbol]                       0x08006ee4   Section        0  stm32g4xx_hal_uart.o(.text.UART_DMAAbortOnError)
    UART_DMAError                            0x08006ef5   Thumb Code   136  stm32g4xx_hal_uart.o(.text.UART_DMAError)
    [Anonymous Symbol]                       0x08006ef4   Section        0  stm32g4xx_hal_uart.o(.text.UART_DMAError)
    UART_DMAReceiveCplt                      0x08006f7d   Thumb Code    80  stm32g4xx_hal_uart.o(.text.UART_DMAReceiveCplt)
    [Anonymous Symbol]                       0x08006f7c   Section        0  stm32g4xx_hal_uart.o(.text.UART_DMAReceiveCplt)
    UART_DMARxHalfCplt                       0x08006fcd   Thumb Code    22  stm32g4xx_hal_uart.o(.text.UART_DMARxHalfCplt)
    [Anonymous Symbol]                       0x08006fcc   Section        0  stm32g4xx_hal_uart.o(.text.UART_DMARxHalfCplt)
    [Anonymous Symbol]                       0x08006fe4   Section        0  stm32g4xx_hal_uart.o(.text.UART_SetConfig)
    [Anonymous Symbol]                       0x08007278   Section        0  stm32g4xx_hal_uart.o(.text.UART_Start_Receive_DMA)
    [Anonymous Symbol]                       0x080072fc   Section        0  stm32g4xx_hal_uart.o(.text.UART_WaitOnFlagUntilTimeout)
    [Anonymous Symbol]                       0x080073b0   Section        0  stm32g4xx_it.o(.text.USART1_IRQHandler)
    [Anonymous Symbol]                       0x080073e4   Section        0  stm32g4xx_it.o(.text.UsageFault_Handler)
    [Anonymous Symbol]                       0x080073e8   Section        0  adc_app.o(.text.adc_proc)
    [Anonymous Symbol]                       0x0800745c   Section        0  usart.o(.text.fputc)
    [Anonymous Symbol]                       0x0800747c   Section        0  tim_app.o(.text.ic_proc)
    [Anonymous Symbol]                       0x080074dc   Section        0  key_app.o(.text.key_init)
    [Anonymous Symbol]                       0x0800751c   Section        0  key_app.o(.text.key_proc)
    [Anonymous Symbol]                       0x08007598   Section        0  lcd_app.o(.text.lcd_proc)
    [Anonymous Symbol]                       0x0800759c   Section        0  led_app.o(.text.led_proc)
    [Anonymous Symbol]                       0x08007604   Section        0  filter.o(.text.limit_value)
    [Anonymous Symbol]                       0x08007638   Section        0  main.o(.text.main)
    [Anonymous Symbol]                       0x0800776c   Section        0  ringbuffer.o(.text.ringbuffer_init)
    [Anonymous Symbol]                       0x0800777c   Section        0  ringbuffer.o(.text.ringbuffer_is_empty)
    [Anonymous Symbol]                       0x08007788   Section        0  ringbuffer.o(.text.ringbuffer_is_full)
    [Anonymous Symbol]                       0x08007794   Section        0  ringbuffer.o(.text.ringbuffer_read)
    [Anonymous Symbol]                       0x080077f0   Section        0  ringbuffer.o(.text.ringbuffer_write)
    [Anonymous Symbol]                       0x08007850   Section        0  rtc_app.o(.text.rtc_proc)
    [Anonymous Symbol]                       0x08007880   Section        0  scheduler.o(.text.scheduler_init)
    [Anonymous Symbol]                       0x08007890   Section        0  scheduler.o(.text.scheduler_run)
    [Anonymous Symbol]                       0x080078dc   Section        0  system.o(.text.system_init)
    [Anonymous Symbol]                       0x0800790c   Section        0  uart_app.o(.text.uart_proc)
    i.__0printf                              0x08007960   Section        0  printfa.o(i.__0printf)
    i.__scatterload_copy                     0x08007980   Section       14  handlers.o(i.__scatterload_copy)
    i.__scatterload_null                     0x0800798e   Section        2  handlers.o(i.__scatterload_null)
    i.__scatterload_zeroinit                 0x08007990   Section       14  handlers.o(i.__scatterload_zeroinit)
    _fp_digits                               0x080079a1   Thumb Code   366  printfa.o(i._fp_digits)
    i._fp_digits                             0x080079a0   Section        0  printfa.o(i._fp_digits)
    _printf_core                             0x08007b25   Thumb Code  1744  printfa.o(i._printf_core)
    i._printf_core                           0x08007b24   Section        0  printfa.o(i._printf_core)
    _printf_post_padding                     0x08008201   Thumb Code    36  printfa.o(i._printf_post_padding)
    i._printf_post_padding                   0x08008200   Section        0  printfa.o(i._printf_post_padding)
    _printf_pre_padding                      0x08008225   Thumb Code    46  printfa.o(i._printf_pre_padding)
    i._printf_pre_padding                    0x08008224   Section        0  printfa.o(i._printf_pre_padding)
    .Lswitch.table.UART_SetConfig.4          0x08008284   Data          16  stm32g4xx_hal_uart.o(.rodata.cst16)
    UARTEx_SetNbDataToProcess.numerator      0x08008294   Data           8  stm32g4xx_hal_uart_ex.o(.rodata.cst8)
    [Anonymous Symbol]                       0x08008294   Section        0  stm32g4xx_hal_uart_ex.o(.rodata.cst8)
    UARTEx_SetNbDataToProcess.denominator    0x0800829c   Data           8  stm32g4xx_hal_uart_ex.o(.rodata.cst8)
    .data                                    0x20000000   Section        4  stdout.o(.data)
    BackColor                                0x20000004   Data           2  lcd.o(.data.BackColor)
    [Anonymous Symbol]                       0x20000004   Section        0  lcd.o(.data.BackColor)
    led_disp.temp_old                        0x2000000c   Data           1  led_app.o(.data.led_disp.temp_old)
    [Anonymous Symbol]                       0x2000000c   Section        0  led_app.o(.data.led_disp.temp_old)
    scheduler_task                           0x20000010   Data          84  scheduler.o(.data.scheduler_task)
    [Anonymous Symbol]                       0x20000010   Section        0  scheduler.o(.data.scheduler_task)
    HAL_RCC_ADC12_CLK_ENABLED                0x20000070   Data           4  adc.o(.bss.HAL_RCC_ADC12_CLK_ENABLED)
    [Anonymous Symbol]                       0x20000070   Section        0  adc.o(.bss.HAL_RCC_ADC12_CLK_ENABLED)
    TextColor                                0x20000074   Data           2  lcd.o(.bss.TextColor)
    [Anonymous Symbol]                       0x20000074   Section        0  lcd.o(.bss.TextColor)
    STACK                                    0x200007c8   Section     1024  startup_stm32g431xx.o(STACK)

    Global Symbols

    Symbol Name                              Value     Ov Type        Size  Object(Section)

    BuildAttributes$$THM_ISAv4$E$P$D$K$B$S$7EM$VFPi3$EXTD16$VFPS$VFMA$PE$A:L22UL41UL21$X:L11$S22US41US21$IEEE1$IW$~IW$USESV6$~STKCKD$USESV7$~SHL$OTIME$ROPI$EBA8$MICROLIB$REQ8$PRES8$EABIv2 0x00000000   Number         0  anon$$obj.o ABSOLUTE
    _printf_a                                0x00000000   Number         0  printfstubs.o ABSOLUTE
    _printf_c                                0x00000000   Number         0  printfstubs.o ABSOLUTE
    _printf_charcount                        0x00000000   Number         0  printfstubs.o ABSOLUTE
    _printf_d                                0x00000000   Number         0  printfstubs.o ABSOLUTE
    _printf_e                                0x00000000   Number         0  printfstubs.o ABSOLUTE
    _printf_f                                0x00000000   Number         0  printfstubs.o ABSOLUTE
    _printf_flags                            0x00000000   Number         0  printfstubs.o ABSOLUTE
    _printf_fp_dec                           0x00000000   Number         0  printfstubs.o ABSOLUTE
    _printf_fp_hex                           0x00000000   Number         0  printfstubs.o ABSOLUTE
    _printf_g                                0x00000000   Number         0  printfstubs.o ABSOLUTE
    _printf_i                                0x00000000   Number         0  printfstubs.o ABSOLUTE
    _printf_int_dec                          0x00000000   Number         0  printfstubs.o ABSOLUTE
    _printf_l                                0x00000000   Number         0  printfstubs.o ABSOLUTE
    _printf_lc                               0x00000000   Number         0  printfstubs.o ABSOLUTE
    _printf_ll                               0x00000000   Number         0  printfstubs.o ABSOLUTE
    _printf_lld                              0x00000000   Number         0  printfstubs.o ABSOLUTE
    _printf_lli                              0x00000000   Number         0  printfstubs.o ABSOLUTE
    _printf_llo                              0x00000000   Number         0  printfstubs.o ABSOLUTE
    _printf_llu                              0x00000000   Number         0  printfstubs.o ABSOLUTE
    _printf_llx                              0x00000000   Number         0  printfstubs.o ABSOLUTE
    _printf_longlong_dec                     0x00000000   Number         0  printfstubs.o ABSOLUTE
    _printf_longlong_hex                     0x00000000   Number         0  printfstubs.o ABSOLUTE
    _printf_longlong_oct                     0x00000000   Number         0  printfstubs.o ABSOLUTE
    _printf_ls                               0x00000000   Number         0  printfstubs.o ABSOLUTE
    _printf_mbtowc                           0x00000000   Number         0  printfstubs.o ABSOLUTE
    _printf_n                                0x00000000   Number         0  printfstubs.o ABSOLUTE
    _printf_o                                0x00000000   Number         0  printfstubs.o ABSOLUTE
    _printf_p                                0x00000000   Number         0  printfstubs.o ABSOLUTE
    _printf_percent                          0x00000000   Number         0  printfstubs.o ABSOLUTE
    _printf_pre_padding                      0x00000000   Number         0  printfstubs.o ABSOLUTE
    _printf_return_value                     0x00000000   Number         0  printfstubs.o ABSOLUTE
    _printf_s                                0x00000000   Number         0  printfstubs.o ABSOLUTE
    _printf_sizespec                         0x00000000   Number         0  printfstubs.o ABSOLUTE
    _printf_str                              0x00000000   Number         0  printfstubs.o ABSOLUTE
    _printf_truncate_signed                  0x00000000   Number         0  printfstubs.o ABSOLUTE
    _printf_truncate_unsigned                0x00000000   Number         0  printfstubs.o ABSOLUTE
    _printf_u                                0x00000000   Number         0  printfstubs.o ABSOLUTE
    _printf_wc                               0x00000000   Number         0  printfstubs.o ABSOLUTE
    _printf_wctomb                           0x00000000   Number         0  printfstubs.o ABSOLUTE
    _printf_widthprec                        0x00000000   Number         0  printfstubs.o ABSOLUTE
    _printf_x                                0x00000000   Number         0  printfstubs.o ABSOLUTE
    __cpp_initialize__aeabi_                  - Undefined Weak Reference
    __cxa_finalize                            - Undefined Weak Reference
    __decompress                              - Undefined Weak Reference
    _clock_init                               - Undefined Weak Reference
    _microlib_exit                            - Undefined Weak Reference
    __Vectors_Size                           0x000001d8   Number         0  startup_stm32g431xx.o ABSOLUTE
    __Vectors                                0x08000000   Data           4  startup_stm32g431xx.o(RESET)
    __Vectors_End                            0x080001d8   Data           0  startup_stm32g431xx.o(RESET)
    __main                                   0x080001d9   Thumb Code     0  entry.o(.ARM.Collect$$$$00000000)
    _main_stk                                0x080001d9   Thumb Code     0  entry2.o(.ARM.Collect$$$$00000001)
    _main_scatterload                        0x080001dd   Thumb Code     0  entry5.o(.ARM.Collect$$$$00000004)
    __main_after_scatterload                 0x080001e1   Thumb Code     0  entry5.o(.ARM.Collect$$$$00000004)
    _main_clock                              0x080001e1   Thumb Code     0  entry7b.o(.ARM.Collect$$$$00000008)
    _main_cpp_init                           0x080001e1   Thumb Code     0  entry8b.o(.ARM.Collect$$$$0000000A)
    _main_init                               0x080001e1   Thumb Code     0  entry9a.o(.ARM.Collect$$$$0000000B)
    __rt_final_cpp                           0x080001e9   Thumb Code     0  entry10a.o(.ARM.Collect$$$$0000000D)
    __rt_final_exit                          0x080001e9   Thumb Code     0  entry11a.o(.ARM.Collect$$$$0000000F)
    Reset_Handler                            0x080001ed   Thumb Code     8  startup_stm32g431xx.o(.text)
    ADC1_2_IRQHandler                        0x08000207   Thumb Code     0  startup_stm32g431xx.o(.text)
    COMP1_2_3_IRQHandler                     0x08000207   Thumb Code     0  startup_stm32g431xx.o(.text)
    COMP4_IRQHandler                         0x08000207   Thumb Code     0  startup_stm32g431xx.o(.text)
    CORDIC_IRQHandler                        0x08000207   Thumb Code     0  startup_stm32g431xx.o(.text)
    CRS_IRQHandler                           0x08000207   Thumb Code     0  startup_stm32g431xx.o(.text)
    DMA1_Channel5_IRQHandler                 0x08000207   Thumb Code     0  startup_stm32g431xx.o(.text)
    DMA1_Channel6_IRQHandler                 0x08000207   Thumb Code     0  startup_stm32g431xx.o(.text)
    DMA2_Channel1_IRQHandler                 0x08000207   Thumb Code     0  startup_stm32g431xx.o(.text)
    DMA2_Channel2_IRQHandler                 0x08000207   Thumb Code     0  startup_stm32g431xx.o(.text)
    DMA2_Channel3_IRQHandler                 0x08000207   Thumb Code     0  startup_stm32g431xx.o(.text)
    DMA2_Channel4_IRQHandler                 0x08000207   Thumb Code     0  startup_stm32g431xx.o(.text)
    DMA2_Channel5_IRQHandler                 0x08000207   Thumb Code     0  startup_stm32g431xx.o(.text)
    DMA2_Channel6_IRQHandler                 0x08000207   Thumb Code     0  startup_stm32g431xx.o(.text)
    DMAMUX_OVR_IRQHandler                    0x08000207   Thumb Code     0  startup_stm32g431xx.o(.text)
    EXTI0_IRQHandler                         0x08000207   Thumb Code     0  startup_stm32g431xx.o(.text)
    EXTI15_10_IRQHandler                     0x08000207   Thumb Code     0  startup_stm32g431xx.o(.text)
    EXTI1_IRQHandler                         0x08000207   Thumb Code     0  startup_stm32g431xx.o(.text)
    EXTI2_IRQHandler                         0x08000207   Thumb Code     0  startup_stm32g431xx.o(.text)
    EXTI3_IRQHandler                         0x08000207   Thumb Code     0  startup_stm32g431xx.o(.text)
    EXTI4_IRQHandler                         0x08000207   Thumb Code     0  startup_stm32g431xx.o(.text)
    EXTI9_5_IRQHandler                       0x08000207   Thumb Code     0  startup_stm32g431xx.o(.text)
    FDCAN1_IT0_IRQHandler                    0x08000207   Thumb Code     0  startup_stm32g431xx.o(.text)
    FDCAN1_IT1_IRQHandler                    0x08000207   Thumb Code     0  startup_stm32g431xx.o(.text)
    FLASH_IRQHandler                         0x08000207   Thumb Code     0  startup_stm32g431xx.o(.text)
    FMAC_IRQHandler                          0x08000207   Thumb Code     0  startup_stm32g431xx.o(.text)
    FPU_IRQHandler                           0x08000207   Thumb Code     0  startup_stm32g431xx.o(.text)
    I2C1_ER_IRQHandler                       0x08000207   Thumb Code     0  startup_stm32g431xx.o(.text)
    I2C1_EV_IRQHandler                       0x08000207   Thumb Code     0  startup_stm32g431xx.o(.text)
    I2C2_ER_IRQHandler                       0x08000207   Thumb Code     0  startup_stm32g431xx.o(.text)
    I2C2_EV_IRQHandler                       0x08000207   Thumb Code     0  startup_stm32g431xx.o(.text)
    I2C3_ER_IRQHandler                       0x08000207   Thumb Code     0  startup_stm32g431xx.o(.text)
    I2C3_EV_IRQHandler                       0x08000207   Thumb Code     0  startup_stm32g431xx.o(.text)
    LPTIM1_IRQHandler                        0x08000207   Thumb Code     0  startup_stm32g431xx.o(.text)
    LPUART1_IRQHandler                       0x08000207   Thumb Code     0  startup_stm32g431xx.o(.text)
    PVD_PVM_IRQHandler                       0x08000207   Thumb Code     0  startup_stm32g431xx.o(.text)
    RCC_IRQHandler                           0x08000207   Thumb Code     0  startup_stm32g431xx.o(.text)
    RNG_IRQHandler                           0x08000207   Thumb Code     0  startup_stm32g431xx.o(.text)
    RTC_Alarm_IRQHandler                     0x08000207   Thumb Code     0  startup_stm32g431xx.o(.text)
    RTC_TAMP_LSECSS_IRQHandler               0x08000207   Thumb Code     0  startup_stm32g431xx.o(.text)
    RTC_WKUP_IRQHandler                      0x08000207   Thumb Code     0  startup_stm32g431xx.o(.text)
    SAI1_IRQHandler                          0x08000207   Thumb Code     0  startup_stm32g431xx.o(.text)
    SPI1_IRQHandler                          0x08000207   Thumb Code     0  startup_stm32g431xx.o(.text)
    SPI2_IRQHandler                          0x08000207   Thumb Code     0  startup_stm32g431xx.o(.text)
    SPI3_IRQHandler                          0x08000207   Thumb Code     0  startup_stm32g431xx.o(.text)
    TIM1_BRK_TIM15_IRQHandler                0x08000207   Thumb Code     0  startup_stm32g431xx.o(.text)
    TIM1_CC_IRQHandler                       0x08000207   Thumb Code     0  startup_stm32g431xx.o(.text)
    TIM1_TRG_COM_TIM17_IRQHandler            0x08000207   Thumb Code     0  startup_stm32g431xx.o(.text)
    TIM1_UP_TIM16_IRQHandler                 0x08000207   Thumb Code     0  startup_stm32g431xx.o(.text)
    TIM2_IRQHandler                          0x08000207   Thumb Code     0  startup_stm32g431xx.o(.text)
    TIM3_IRQHandler                          0x08000207   Thumb Code     0  startup_stm32g431xx.o(.text)
    TIM4_IRQHandler                          0x08000207   Thumb Code     0  startup_stm32g431xx.o(.text)
    TIM6_DAC_IRQHandler                      0x08000207   Thumb Code     0  startup_stm32g431xx.o(.text)
    TIM7_IRQHandler                          0x08000207   Thumb Code     0  startup_stm32g431xx.o(.text)
    TIM8_BRK_IRQHandler                      0x08000207   Thumb Code     0  startup_stm32g431xx.o(.text)
    TIM8_CC_IRQHandler                       0x08000207   Thumb Code     0  startup_stm32g431xx.o(.text)
    TIM8_TRG_COM_IRQHandler                  0x08000207   Thumb Code     0  startup_stm32g431xx.o(.text)
    TIM8_UP_IRQHandler                       0x08000207   Thumb Code     0  startup_stm32g431xx.o(.text)
    UART4_IRQHandler                         0x08000207   Thumb Code     0  startup_stm32g431xx.o(.text)
    UCPD1_IRQHandler                         0x08000207   Thumb Code     0  startup_stm32g431xx.o(.text)
    USART2_IRQHandler                        0x08000207   Thumb Code     0  startup_stm32g431xx.o(.text)
    USART3_IRQHandler                        0x08000207   Thumb Code     0  startup_stm32g431xx.o(.text)
    USBWakeUp_IRQHandler                     0x08000207   Thumb Code     0  startup_stm32g431xx.o(.text)
    USB_HP_IRQHandler                        0x08000207   Thumb Code     0  startup_stm32g431xx.o(.text)
    USB_LP_IRQHandler                        0x08000207   Thumb Code     0  startup_stm32g431xx.o(.text)
    WWDG_IRQHandler                          0x08000207   Thumb Code     0  startup_stm32g431xx.o(.text)
    __aeabi_uldivmod                         0x08000211   Thumb Code    98  uldiv.o(.text)
    __aeabi_memset                           0x08000273   Thumb Code    14  memseta.o(.text)
    __aeabi_memset4                          0x08000273   Thumb Code     0  memseta.o(.text)
    __aeabi_memset8                          0x08000273   Thumb Code     0  memseta.o(.text)
    __aeabi_memclr                           0x08000281   Thumb Code     4  memseta.o(.text)
    __aeabi_memclr4                          0x08000281   Thumb Code     0  memseta.o(.text)
    __aeabi_memclr8                          0x08000281   Thumb Code     0  memseta.o(.text)
    _memset$wrapper                          0x08000285   Thumb Code    18  memseta.o(.text)
    __aeabi_uidiv                            0x08000297   Thumb Code     0  uidiv.o(.text)
    __aeabi_uidivmod                         0x08000297   Thumb Code    44  uidiv.o(.text)
    __aeabi_llsl                             0x080002c3   Thumb Code    30  llshl.o(.text)
    _ll_shift_l                              0x080002c3   Thumb Code     0  llshl.o(.text)
    __aeabi_llsr                             0x080002e1   Thumb Code    32  llushr.o(.text)
    _ll_ushift_r                             0x080002e1   Thumb Code     0  llushr.o(.text)
    __I$use$fp                               0x08000301   Thumb Code     0  iusefp.o(.text)
    __aeabi_dadd                             0x08000301   Thumb Code   322  dadd.o(.text)
    __aeabi_dsub                             0x08000443   Thumb Code     6  dadd.o(.text)
    __aeabi_drsub                            0x08000449   Thumb Code     6  dadd.o(.text)
    __aeabi_dmul                             0x0800044f   Thumb Code   228  dmul.o(.text)
    __aeabi_ddiv                             0x08000533   Thumb Code   222  ddiv.o(.text)
    __aeabi_d2ulz                            0x08000611   Thumb Code    48  dfixul.o(.text)
    __aeabi_cdrcmple                         0x08000641   Thumb Code    48  cdrcmple.o(.text)
    __scatterload                            0x08000671   Thumb Code    38  init.o(.text)
    __scatterload_rt2                        0x08000671   Thumb Code     0  init.o(.text)
    __aeabi_lasr                             0x080006a1   Thumb Code    36  llsshr.o(.text)
    _ll_sshift_r                             0x080006a1   Thumb Code     0  llsshr.o(.text)
    _double_round                            0x080006c5   Thumb Code    30  depilogue.o(.text)
    _double_epilogue                         0x080006e3   Thumb Code   156  depilogue.o(.text)
    ADC_DMAConvCplt                          0x08000781   Thumb Code    96  stm32g4xx_hal_adc.o(.text.ADC_DMAConvCplt)
    ADC_DMAError                             0x080007e1   Thumb Code    22  stm32g4xx_hal_adc.o(.text.ADC_DMAError)
    ADC_DMAHalfConvCplt                      0x080007f9   Thumb Code     6  stm32g4xx_hal_adc.o(.text.ADC_DMAHalfConvCplt)
    ADC_Enable                               0x08000801   Thumb Code   124  stm32g4xx_hal_adc.o(.text.ADC_Enable)
    BusFault_Handler                         0x0800087d   Thumb Code     2  stm32g4xx_it.o(.text.BusFault_Handler)
    DMA1_Channel1_IRQHandler                 0x08000881   Thumb Code    12  stm32g4xx_it.o(.text.DMA1_Channel1_IRQHandler)
    DMA1_Channel2_IRQHandler                 0x0800088d   Thumb Code    12  stm32g4xx_it.o(.text.DMA1_Channel2_IRQHandler)
    DMA1_Channel3_IRQHandler                 0x08000899   Thumb Code    12  stm32g4xx_it.o(.text.DMA1_Channel3_IRQHandler)
    DMA1_Channel4_IRQHandler                 0x080008a5   Thumb Code    12  stm32g4xx_it.o(.text.DMA1_Channel4_IRQHandler)
    DebugMon_Handler                         0x080008b1   Thumb Code     2  stm32g4xx_it.o(.text.DebugMon_Handler)
    Error_Handler                            0x080008b5   Thumb Code    10  main.o(.text.Error_Handler)
    HAL_ADCEx_MultiModeConfigChannel         0x080008c1   Thumb Code   194  stm32g4xx_hal_adc_ex.o(.text.HAL_ADCEx_MultiModeConfigChannel)
    HAL_ADC_ConfigChannel                    0x08000985   Thumb Code   820  stm32g4xx_hal_adc.o(.text.HAL_ADC_ConfigChannel)
    HAL_ADC_ConvCpltCallback                 0x08000cb9   Thumb Code     2  stm32g4xx_hal_adc.o(.text.HAL_ADC_ConvCpltCallback)
    HAL_ADC_ConvHalfCpltCallback             0x08000cbd   Thumb Code     2  stm32g4xx_hal_adc.o(.text.HAL_ADC_ConvHalfCpltCallback)
    HAL_ADC_ErrorCallback                    0x08000cc1   Thumb Code     2  stm32g4xx_hal_adc.o(.text.HAL_ADC_ErrorCallback)
    HAL_ADC_Init                             0x08000cc5   Thumb Code   512  stm32g4xx_hal_adc.o(.text.HAL_ADC_Init)
    HAL_ADC_MspInit                          0x08000ec5   Thumb Code   410  adc.o(.text.HAL_ADC_MspInit)
    HAL_ADC_Start_DMA                        0x08001061   Thumb Code   238  stm32g4xx_hal_adc.o(.text.HAL_ADC_Start_DMA)
    HAL_DMA_Abort                            0x08001151   Thumb Code   110  stm32g4xx_hal_dma.o(.text.HAL_DMA_Abort)
    HAL_DMA_Abort_IT                         0x080011c1   Thumb Code   126  stm32g4xx_hal_dma.o(.text.HAL_DMA_Abort_IT)
    HAL_DMA_IRQHandler                       0x08001241   Thumb Code   156  stm32g4xx_hal_dma.o(.text.HAL_DMA_IRQHandler)
    HAL_DMA_Init                             0x080012dd   Thumb Code   290  stm32g4xx_hal_dma.o(.text.HAL_DMA_Init)
    HAL_DMA_Start_IT                         0x08001401   Thumb Code   226  stm32g4xx_hal_dma.o(.text.HAL_DMA_Start_IT)
    HAL_Delay                                0x080014e5   Thumb Code    40  stm32g4xx_hal.o(.text.HAL_Delay)
    HAL_GPIO_Init                            0x0800150d   Thumb Code   424  stm32g4xx_hal_gpio.o(.text.HAL_GPIO_Init)
    HAL_GPIO_ReadPin                         0x080016b5   Thumb Code    10  stm32g4xx_hal_gpio.o(.text.HAL_GPIO_ReadPin)
    HAL_GPIO_WritePin                        0x080016c1   Thumb Code    12  stm32g4xx_hal_gpio.o(.text.HAL_GPIO_WritePin)
    HAL_GetTick                              0x080016cd   Thumb Code    12  stm32g4xx_hal.o(.text.HAL_GetTick)
    HAL_IncTick                              0x080016d9   Thumb Code    26  stm32g4xx_hal.o(.text.HAL_IncTick)
    HAL_Init                                 0x080016f5   Thumb Code    30  stm32g4xx_hal.o(.text.HAL_Init)
    HAL_InitTick                             0x08001715   Thumb Code    90  stm32g4xx_hal.o(.text.HAL_InitTick)
    HAL_MspInit                              0x08001771   Thumb Code    52  stm32g4xx_hal_msp.o(.text.HAL_MspInit)
    HAL_NVIC_EnableIRQ                       0x080017a5   Thumb Code    34  stm32g4xx_hal_cortex.o(.text.HAL_NVIC_EnableIRQ)
    HAL_NVIC_SetPriority                     0x080017c9   Thumb Code    86  stm32g4xx_hal_cortex.o(.text.HAL_NVIC_SetPriority)
    HAL_NVIC_SetPriorityGrouping             0x08001821   Thumb Code    32  stm32g4xx_hal_cortex.o(.text.HAL_NVIC_SetPriorityGrouping)
    HAL_PWREx_ControlVoltageScaling          0x08001841   Thumb Code   242  stm32g4xx_hal_pwr_ex.o(.text.HAL_PWREx_ControlVoltageScaling)
    HAL_PWREx_DisableUCPDDeadBattery         0x08001935   Thumb Code    18  stm32g4xx_hal_pwr_ex.o(.text.HAL_PWREx_DisableUCPDDeadBattery)
    HAL_RCCEx_PeriphCLKConfig                0x08001949   Thumb Code   692  stm32g4xx_hal_rcc_ex.o(.text.HAL_RCCEx_PeriphCLKConfig)
    HAL_RCC_ClockConfig                      0x08001bfd   Thumb Code   786  stm32g4xx_hal_rcc.o(.text.HAL_RCC_ClockConfig)
    HAL_RCC_GetPCLK1Freq                     0x08001f11   Thumb Code    42  stm32g4xx_hal_rcc.o(.text.HAL_RCC_GetPCLK1Freq)
    HAL_RCC_GetPCLK2Freq                     0x08001f3d   Thumb Code    42  stm32g4xx_hal_rcc.o(.text.HAL_RCC_GetPCLK2Freq)
    HAL_RCC_GetSysClockFreq                  0x08001f69   Thumb Code   130  stm32g4xx_hal_rcc.o(.text.HAL_RCC_GetSysClockFreq)
    HAL_RCC_OscConfig                        0x08001fed   Thumb Code  1170  stm32g4xx_hal_rcc.o(.text.HAL_RCC_OscConfig)
    HAL_RTC_GetDate                          0x08002481   Thumb Code    92  stm32g4xx_hal_rtc.o(.text.HAL_RTC_GetDate)
    HAL_RTC_GetTime                          0x080024dd   Thumb Code   102  stm32g4xx_hal_rtc.o(.text.HAL_RTC_GetTime)
    HAL_RTC_Init                             0x08002545   Thumb Code   222  stm32g4xx_hal_rtc.o(.text.HAL_RTC_Init)
    HAL_RTC_MspInit                          0x08002625   Thumb Code    96  rtc.o(.text.HAL_RTC_MspInit)
    HAL_RTC_SetDate                          0x08002685   Thumb Code   334  stm32g4xx_hal_rtc.o(.text.HAL_RTC_SetDate)
    HAL_RTC_SetTime                          0x080027d5   Thumb Code   390  stm32g4xx_hal_rtc.o(.text.HAL_RTC_SetTime)
    HAL_SYSTICK_Config                       0x0800295d   Thumb Code    44  stm32g4xx_hal_cortex.o(.text.HAL_SYSTICK_Config)
    HAL_TIMEx_ConfigBreakDeadTime            0x08002989   Thumb Code   198  stm32g4xx_hal_tim_ex.o(.text.HAL_TIMEx_ConfigBreakDeadTime)
    HAL_TIMEx_MasterConfigSynchronization    0x08002a51   Thumb Code   172  stm32g4xx_hal_tim_ex.o(.text.HAL_TIMEx_MasterConfigSynchronization)
    HAL_TIM_Base_Init                        0x08002afd   Thumb Code    98  stm32g4xx_hal_tim.o(.text.HAL_TIM_Base_Init)
    HAL_TIM_Base_MspInit                     0x08002b61   Thumb Code   260  tim.o(.text.HAL_TIM_Base_MspInit)
    HAL_TIM_ConfigClockSource                0x08002c65   Thumb Code   484  stm32g4xx_hal_tim.o(.text.HAL_TIM_ConfigClockSource)
    HAL_TIM_ErrorCallback                    0x08002e49   Thumb Code     2  stm32g4xx_hal_tim.o(.text.HAL_TIM_ErrorCallback)
    HAL_TIM_IC_CaptureCallback               0x08002e4d   Thumb Code     2  stm32g4xx_hal_tim.o(.text.HAL_TIM_IC_CaptureCallback)
    HAL_TIM_IC_CaptureHalfCpltCallback       0x08002e51   Thumb Code     2  stm32g4xx_hal_tim.o(.text.HAL_TIM_IC_CaptureHalfCpltCallback)
    HAL_TIM_IC_ConfigChannel                 0x08002e55   Thumb Code   358  stm32g4xx_hal_tim.o(.text.HAL_TIM_IC_ConfigChannel)
    HAL_TIM_IC_Init                          0x08002fbd   Thumb Code    98  stm32g4xx_hal_tim.o(.text.HAL_TIM_IC_Init)
    HAL_TIM_IC_MspInit                       0x08003021   Thumb Code     2  stm32g4xx_hal_tim.o(.text.HAL_TIM_IC_MspInit)
    HAL_TIM_IC_Start_DMA                     0x08003025   Thumb Code   590  stm32g4xx_hal_tim.o(.text.HAL_TIM_IC_Start_DMA)
    HAL_TIM_PWM_ConfigChannel                0x08003275   Thumb Code   950  stm32g4xx_hal_tim.o(.text.HAL_TIM_PWM_ConfigChannel)
    HAL_TIM_PWM_Init                         0x0800362d   Thumb Code    98  stm32g4xx_hal_tim.o(.text.HAL_TIM_PWM_Init)
    HAL_TIM_PWM_MspInit                      0x08003691   Thumb Code     2  stm32g4xx_hal_tim.o(.text.HAL_TIM_PWM_MspInit)
    HAL_TIM_PWM_Start                        0x08003695   Thumb Code   328  stm32g4xx_hal_tim.o(.text.HAL_TIM_PWM_Start)
    HAL_TIM_SlaveConfigSynchro               0x080037dd   Thumb Code    74  stm32g4xx_hal_tim.o(.text.HAL_TIM_SlaveConfigSynchro)
    HAL_UARTEx_DisableFifoMode               0x08003829   Thumb Code    54  stm32g4xx_hal_uart_ex.o(.text.HAL_UARTEx_DisableFifoMode)
    HAL_UARTEx_ReceiveToIdle_DMA             0x08003861   Thumb Code    84  stm32g4xx_hal_uart_ex.o(.text.HAL_UARTEx_ReceiveToIdle_DMA)
    HAL_UARTEx_RxEventCallback               0x080038b5   Thumb Code    56  uart_app.o(.text.HAL_UARTEx_RxEventCallback)
    HAL_UARTEx_RxFifoFullCallback            0x080038ed   Thumb Code     2  stm32g4xx_hal_uart_ex.o(.text.HAL_UARTEx_RxFifoFullCallback)
    HAL_UARTEx_SetRxFifoThreshold            0x080038f1   Thumb Code   146  stm32g4xx_hal_uart_ex.o(.text.HAL_UARTEx_SetRxFifoThreshold)
    HAL_UARTEx_SetTxFifoThreshold            0x08003985   Thumb Code   146  stm32g4xx_hal_uart_ex.o(.text.HAL_UARTEx_SetTxFifoThreshold)
    HAL_UARTEx_TxFifoEmptyCallback           0x08003a19   Thumb Code     2  stm32g4xx_hal_uart_ex.o(.text.HAL_UARTEx_TxFifoEmptyCallback)
    HAL_UARTEx_WakeupCallback                0x08003a1d   Thumb Code     2  stm32g4xx_hal_uart_ex.o(.text.HAL_UARTEx_WakeupCallback)
    HAL_UART_ErrorCallback                   0x08003a21   Thumb Code     2  stm32g4xx_hal_uart.o(.text.HAL_UART_ErrorCallback)
    HAL_UART_IRQHandler                      0x08003a25   Thumb Code   742  stm32g4xx_hal_uart.o(.text.HAL_UART_IRQHandler)
    HAL_UART_Init                            0x08003d0d   Thumb Code    98  stm32g4xx_hal_uart.o(.text.HAL_UART_Init)
    HAL_UART_MspInit                         0x08003d71   Thumb Code   214  usart.o(.text.HAL_UART_MspInit)
    HAL_UART_RxCpltCallback                  0x08003e49   Thumb Code     2  stm32g4xx_hal_uart.o(.text.HAL_UART_RxCpltCallback)
    HAL_UART_RxHalfCpltCallback              0x08003e4d   Thumb Code     2  stm32g4xx_hal_uart.o(.text.HAL_UART_RxHalfCpltCallback)
    HAL_UART_Transmit                        0x08003e51   Thumb Code   214  stm32g4xx_hal_uart.o(.text.HAL_UART_Transmit)
    HAL_UART_TxCpltCallback                  0x08003f29   Thumb Code     2  stm32g4xx_hal_uart.o(.text.HAL_UART_TxCpltCallback)
    HardFault_Handler                        0x08003f2d   Thumb Code     2  stm32g4xx_it.o(.text.HardFault_Handler)
    LCD_Clear                                0x08003f31   Thumb Code   290  lcd.o(.text.LCD_Clear)
    LCD_Init                                 0x08004055   Thumb Code   574  lcd.o(.text.LCD_Init)
    LCD_SetBackColor                         0x08004295   Thumb Code    24  lcd.o(.text.LCD_SetBackColor)
    LCD_SetTextColor                         0x080042ad   Thumb Code    24  lcd.o(.text.LCD_SetTextColor)
    MX_ADC1_Init                             0x080042c5   Thumb Code   176  adc.o(.text.MX_ADC1_Init)
    MX_ADC2_Init                             0x08004375   Thumb Code   146  adc.o(.text.MX_ADC2_Init)
    MX_DMA_Init                              0x08004409   Thumb Code   118  dma.o(.text.MX_DMA_Init)
    MX_GPIO_Init                             0x08004481   Thumb Code   332  gpio.o(.text.MX_GPIO_Init)
    MX_RTC_Init                              0x080045cd   Thumb Code   154  rtc.o(.text.MX_RTC_Init)
    MX_TIM1_Init                             0x08004669   Thumb Code   390  tim.o(.text.MX_TIM1_Init)
    MX_TIM2_Init                             0x080047f1   Thumb Code   320  tim.o(.text.MX_TIM2_Init)
    MX_TIM3_Init                             0x08004931   Thumb Code   234  tim.o(.text.MX_TIM3_Init)
    MX_USART1_UART_Init                      0x08004a1d   Thumb Code   166  usart.o(.text.MX_USART1_UART_Init)
    MemManage_Handler                        0x08004ac5   Thumb Code     2  stm32g4xx_it.o(.text.MemManage_Handler)
    NMI_Handler                              0x08004ac9   Thumb Code     2  stm32g4xx_it.o(.text.NMI_Handler)
    PendSV_Handler                           0x08004acd   Thumb Code     2  stm32g4xx_it.o(.text.PendSV_Handler)
    REG_8230_Init                            0x08004ad1   Thumb Code  2674  lcd.o(.text.REG_8230_Init)
    REG_932X_Init                            0x08005545   Thumb Code  5182  lcd.o(.text.REG_932X_Init)
    RTC_ExitInitMode                         0x08006985   Thumb Code   152  stm32g4xx_hal_rtc.o(.text.RTC_ExitInitMode)
    SVC_Handler                              0x08006a1d   Thumb Code     2  stm32g4xx_it.o(.text.SVC_Handler)
    SysTick_Handler                          0x08006a21   Thumb Code     4  stm32g4xx_it.o(.text.SysTick_Handler)
    SystemInit                               0x08006a25   Thumb Code    18  system_stm32g4xx.o(.text.SystemInit)
    TIM_Base_SetConfig                       0x08006a39   Thumb Code   262  stm32g4xx_hal_tim.o(.text.TIM_Base_SetConfig)
    TIM_DMACaptureCplt                       0x08006b41   Thumb Code   116  stm32g4xx_hal_tim.o(.text.TIM_DMACaptureCplt)
    TIM_DMACaptureHalfCplt                   0x08006bb5   Thumb Code    56  stm32g4xx_hal_tim.o(.text.TIM_DMACaptureHalfCplt)
    TIM_DMAError                             0x08006bed   Thumb Code    92  stm32g4xx_hal_tim.o(.text.TIM_DMAError)
    UART_AdvFeatureConfig                    0x08006d35   Thumb Code   230  stm32g4xx_hal_uart.o(.text.UART_AdvFeatureConfig)
    UART_CheckIdleState                      0x08006e1d   Thumb Code   198  stm32g4xx_hal_uart.o(.text.UART_CheckIdleState)
    UART_SetConfig                           0x08006fe5   Thumb Code   644  stm32g4xx_hal_uart.o(.text.UART_SetConfig)
    UART_Start_Receive_DMA                   0x08007279   Thumb Code   130  stm32g4xx_hal_uart.o(.text.UART_Start_Receive_DMA)
    UART_WaitOnFlagUntilTimeout              0x080072fd   Thumb Code   180  stm32g4xx_hal_uart.o(.text.UART_WaitOnFlagUntilTimeout)
    USART1_IRQHandler                        0x080073b1   Thumb Code    52  stm32g4xx_it.o(.text.USART1_IRQHandler)
    UsageFault_Handler                       0x080073e5   Thumb Code     2  stm32g4xx_it.o(.text.UsageFault_Handler)
    adc_proc                                 0x080073e9   Thumb Code   108  adc_app.o(.text.adc_proc)
    fputc                                    0x0800745d   Thumb Code    30  usart.o(.text.fputc)
    ic_proc                                  0x0800747d   Thumb Code    92  tim_app.o(.text.ic_proc)
    key_init                                 0x080074dd   Thumb Code    64  key_app.o(.text.key_init)
    key_proc                                 0x0800751d   Thumb Code   124  key_app.o(.text.key_proc)
    lcd_proc                                 0x08007599   Thumb Code     2  lcd_app.o(.text.lcd_proc)
    led_proc                                 0x0800759d   Thumb Code   102  led_app.o(.text.led_proc)
    limit_value                              0x08007605   Thumb Code    52  filter.o(.text.limit_value)
    main                                     0x08007639   Thumb Code   306  main.o(.text.main)
    ringbuffer_init                          0x0800776d   Thumb Code    14  ringbuffer.o(.text.ringbuffer_init)
    ringbuffer_is_empty                      0x0800777d   Thumb Code    10  ringbuffer.o(.text.ringbuffer_is_empty)
    ringbuffer_is_full                       0x08007789   Thumb Code    12  ringbuffer.o(.text.ringbuffer_is_full)
    ringbuffer_read                          0x08007795   Thumb Code    92  ringbuffer.o(.text.ringbuffer_read)
    ringbuffer_write                         0x080077f1   Thumb Code    94  ringbuffer.o(.text.ringbuffer_write)
    rtc_proc                                 0x08007851   Thumb Code    46  rtc_app.o(.text.rtc_proc)
    scheduler_init                           0x08007881   Thumb Code    14  scheduler.o(.text.scheduler_init)
    scheduler_run                            0x08007891   Thumb Code    74  scheduler.o(.text.scheduler_run)
    system_init                              0x080078dd   Thumb Code    48  system.o(.text.system_init)
    uart_proc                                0x0800790d   Thumb Code    60  uart_app.o(.text.uart_proc)
    __0printf                                0x08007961   Thumb Code    22  printfa.o(i.__0printf)
    __1printf                                0x08007961   Thumb Code     0  printfa.o(i.__0printf)
    __2printf                                0x08007961   Thumb Code     0  printfa.o(i.__0printf)
    __c89printf                              0x08007961   Thumb Code     0  printfa.o(i.__0printf)
    printf                                   0x08007961   Thumb Code     0  printfa.o(i.__0printf)
    __scatterload_copy                       0x08007981   Thumb Code    14  handlers.o(i.__scatterload_copy)
    __scatterload_null                       0x0800798f   Thumb Code     2  handlers.o(i.__scatterload_null)
    __scatterload_zeroinit                   0x08007991   Thumb Code    14  handlers.o(i.__scatterload_zeroinit)
    AHBPrescTable                            0x08008252   Data          16  system_stm32g4xx.o(.rodata.AHBPrescTable)
    APBPrescTable                            0x08008262   Data           8  system_stm32g4xx.o(.rodata.APBPrescTable)
    UARTPrescTable                           0x0800826a   Data          24  stm32g4xx_hal_uart.o(.rodata.UARTPrescTable)
    Region$$Table$$Base                      0x080082a4   Number         0  anon$$obj.o(Region$$Table)
    Region$$Table$$Limit                     0x080082c4   Number         0  anon$$obj.o(Region$$Table)
    __stdout                                 0x20000000   Data           4  stdout.o(.data)
    SystemCoreClock                          0x20000008   Data           4  system_stm32g4xx.o(.data.SystemCoreClock)
    uwTickFreq                               0x20000064   Data           4  stm32g4xx_hal.o(.data.uwTickFreq)
    uwTickPrio                               0x20000068   Data           4  stm32g4xx_hal.o(.data.uwTickPrio)
    adc_value                                0x20000078   Data           8  adc_app.o(.bss.adc_value)
    btns                                     0x20000080   Data          64  key_app.o(.bss.btns)
    date                                     0x200000c0   Data           4  rtc_app.o(.bss.date)
    dma_buff                                 0x200000c4   Data         240  adc_app.o(.bss.dma_buff)
    dummy                                    0x200001b4   Data           2  lcd.o(.bss.dummy)
    hadc1                                    0x200001b8   Data         108  adc.o(.bss.hadc1)
    hadc2                                    0x20000224   Data         108  adc.o(.bss.hadc2)
    hdma_adc1                                0x20000290   Data          96  adc.o(.bss.hdma_adc1)
    hdma_adc2                                0x200002f0   Data          96  adc.o(.bss.hdma_adc2)
    hdma_tim3_ch1                            0x20000350   Data          96  tim.o(.bss.hdma_tim3_ch1)
    hdma_usart1_rx                           0x200003b0   Data          96  usart.o(.bss.hdma_usart1_rx)
    hrtc                                     0x20000410   Data          40  rtc.o(.bss.hrtc)
    htim1                                    0x20000438   Data          76  tim.o(.bss.htim1)
    htim2                                    0x20000484   Data          76  tim.o(.bss.htim2)
    htim3                                    0x200004d0   Data          76  tim.o(.bss.htim3)
    huart1                                   0x2000051c   Data         144  usart.o(.bss.huart1)
    key_down                                 0x200005ac   Data           1  key_app.o(.bss.key_down)
    key_old                                  0x200005ad   Data           1  key_app.o(.bss.key_old)
    key_up                                   0x200005ae   Data           1  key_app.o(.bss.key_up)
    key_val                                  0x200005af   Data           1  key_app.o(.bss.key_val)
    task_num                                 0x200005b0   Data           1  scheduler.o(.bss.task_num)
    tim_ic_buffer                            0x200005b4   Data         256  tim_app.o(.bss.tim_ic_buffer)
    tim_ic_temp                              0x200006b4   Data           4  tim_app.o(.bss.tim_ic_temp)
    tim_ic_val                               0x200006b8   Data           4  tim_app.o(.bss.tim_ic_val)
    time                                     0x200006bc   Data          20  rtc_app.o(.bss.time)
    uart_rx_dma_buffer                       0x200006d0   Data         128  usart.o(.bss.uart_rx_dma_buffer)
    ucLed                                    0x20000750   Data           8  led_app.o(.bss.ucLed)
    usart_rb                                 0x20000758   Data          44  uart_app.o(.bss.usart_rb)
    usart_read_buffer                        0x20000784   Data          64  uart_app.o(.bss.usart_read_buffer)
    uwTick                                   0x200007c4   Data           4  stm32g4xx_hal.o(.bss.uwTick)
    __initial_sp                             0x20000bc8   Data           0  startup_stm32g431xx.o(STACK)



==============================================================================

Memory Map of the image

  Image Entry point : 0x080001d9

  Load Region LR_IROM1 (Base: 0x08000000, Size: 0x00008338, Max: 0x00020000, ABSOLUTE)

    Execution Region ER_IROM1 (Exec base: 0x08000000, Load base: 0x08000000, Size: 0x000082c4, Max: 0x00020000, ABSOLUTE)

    Exec Addr    Load Addr    Size         Type   Attr      Idx    E Section Name        Object

    0x08000000   0x08000000   0x000001d8   Data   RO            3    RESET               startup_stm32g431xx.o
    0x080001d8   0x080001d8   0x00000000   Code   RO         1809  * .ARM.Collect$$$$00000000  mc_w.l(entry.o)
    0x080001d8   0x080001d8   0x00000004   Code   RO         2111    .ARM.Collect$$$$00000001  mc_w.l(entry2.o)
    0x080001dc   0x080001dc   0x00000004   Code   RO         2114    .ARM.Collect$$$$00000004  mc_w.l(entry5.o)
    0x080001e0   0x080001e0   0x00000000   Code   RO         2116    .ARM.Collect$$$$00000008  mc_w.l(entry7b.o)
    0x080001e0   0x080001e0   0x00000000   Code   RO         2118    .ARM.Collect$$$$0000000A  mc_w.l(entry8b.o)
    0x080001e0   0x080001e0   0x00000008   Code   RO         2119    .ARM.Collect$$$$0000000B  mc_w.l(entry9a.o)
    0x080001e8   0x080001e8   0x00000000   Code   RO         2121    .ARM.Collect$$$$0000000D  mc_w.l(entry10a.o)
    0x080001e8   0x080001e8   0x00000000   Code   RO         2123    .ARM.Collect$$$$0000000F  mc_w.l(entry11a.o)
    0x080001e8   0x080001e8   0x00000004   Code   RO         2112    .ARM.Collect$$$$00002712  mc_w.l(entry2.o)
    0x080001ec   0x080001ec   0x00000024   Code   RO            4    .text               startup_stm32g431xx.o
    0x08000210   0x08000210   0x00000062   Code   RO         1812    .text               mc_w.l(uldiv.o)
    0x08000272   0x08000272   0x00000024   Code   RO         1818    .text               mc_w.l(memseta.o)
    0x08000296   0x08000296   0x0000002c   Code   RO         2135    .text               mc_w.l(uidiv.o)
    0x080002c2   0x080002c2   0x0000001e   Code   RO         2137    .text               mc_w.l(llshl.o)
    0x080002e0   0x080002e0   0x00000020   Code   RO         2139    .text               mc_w.l(llushr.o)
    0x08000300   0x08000300   0x00000000   Code   RO         2143    .text               mc_w.l(iusefp.o)
    0x08000300   0x08000300   0x0000014e   Code   RO         2144    .text               mf_w.l(dadd.o)
    0x0800044e   0x0800044e   0x000000e4   Code   RO         2146    .text               mf_w.l(dmul.o)
    0x08000532   0x08000532   0x000000de   Code   RO         2148    .text               mf_w.l(ddiv.o)
    0x08000610   0x08000610   0x00000030   Code   RO         2150    .text               mf_w.l(dfixul.o)
    0x08000640   0x08000640   0x00000030   Code   RO         2152    .text               mf_w.l(cdrcmple.o)
    0x08000670   0x08000670   0x00000030   Code   RO         2154    .text               mc_w.l(init.o)
    0x080006a0   0x080006a0   0x00000024   Code   RO         2156    .text               mc_w.l(llsshr.o)
    0x080006c4   0x080006c4   0x000000ba   Code   RO         2158    .text               mf_w.l(depilogue.o)
    0x0800077e   0x0800077e   0x00000002   PAD
    0x08000780   0x08000780   0x00000060   Code   RO          197    .text.ADC_DMAConvCplt  stm32g4xx_hal_adc.o
    0x080007e0   0x080007e0   0x00000016   Code   RO          201    .text.ADC_DMAError  stm32g4xx_hal_adc.o
    0x080007f6   0x080007f6   0x00000002   PAD
    0x080007f8   0x080007f8   0x00000006   Code   RO          199    .text.ADC_DMAHalfConvCplt  stm32g4xx_hal_adc.o
    0x080007fe   0x080007fe   0x00000002   PAD
    0x08000800   0x08000800   0x0000007c   Code   RO          183    .text.ADC_Enable    stm32g4xx_hal_adc.o
    0x0800087c   0x0800087c   0x00000002   Code   RO          132    .text.BusFault_Handler  stm32g4xx_it.o
    0x0800087e   0x0800087e   0x00000002   PAD
    0x08000880   0x08000880   0x0000000c   Code   RO          144    .text.DMA1_Channel1_IRQHandler  stm32g4xx_it.o
    0x0800088c   0x0800088c   0x0000000c   Code   RO          146    .text.DMA1_Channel2_IRQHandler  stm32g4xx_it.o
    0x08000898   0x08000898   0x0000000c   Code   RO          148    .text.DMA1_Channel3_IRQHandler  stm32g4xx_it.o
    0x080008a4   0x080008a4   0x0000000c   Code   RO          150    .text.DMA1_Channel4_IRQHandler  stm32g4xx_it.o
    0x080008b0   0x080008b0   0x00000002   Code   RO          138    .text.DebugMon_Handler  stm32g4xx_it.o
    0x080008b2   0x080008b2   0x00000002   PAD
    0x080008b4   0x080008b4   0x0000000a   Code   RO           15    .text.Error_Handler  main.o
    0x080008be   0x080008be   0x00000002   PAD
    0x080008c0   0x080008c0   0x000000c2   Code   RO          281    .text.HAL_ADCEx_MultiModeConfigChannel  stm32g4xx_hal_adc_ex.o
    0x08000982   0x08000982   0x00000002   PAD
    0x08000984   0x08000984   0x00000334   Code   RO          221    .text.HAL_ADC_ConfigChannel  stm32g4xx_hal_adc.o
    0x08000cb8   0x08000cb8   0x00000002   Code   RO          213    .text.HAL_ADC_ConvCpltCallback  stm32g4xx_hal_adc.o
    0x08000cba   0x08000cba   0x00000002   PAD
    0x08000cbc   0x08000cbc   0x00000002   Code   RO          219    .text.HAL_ADC_ConvHalfCpltCallback  stm32g4xx_hal_adc.o
    0x08000cbe   0x08000cbe   0x00000002   PAD
    0x08000cc0   0x08000cc0   0x00000002   Code   RO          217    .text.HAL_ADC_ErrorCallback  stm32g4xx_hal_adc.o
    0x08000cc2   0x08000cc2   0x00000002   PAD
    0x08000cc4   0x08000cc4   0x00000200   Code   RO          169    .text.HAL_ADC_Init  stm32g4xx_hal_adc.o
    0x08000ec4   0x08000ec4   0x0000019a   Code   RO           39    .text.HAL_ADC_MspInit  adc.o
    0x0800105e   0x0800105e   0x00000002   PAD
    0x08001060   0x08001060   0x000000ee   Code   RO          195    .text.HAL_ADC_Start_DMA  stm32g4xx_hal_adc.o
    0x0800114e   0x0800114e   0x00000002   PAD
    0x08001150   0x08001150   0x0000006e   Code   RO          593    .text.HAL_DMA_Abort  stm32g4xx_hal_dma.o
    0x080011be   0x080011be   0x00000002   PAD
    0x080011c0   0x080011c0   0x0000007e   Code   RO          595    .text.HAL_DMA_Abort_IT  stm32g4xx_hal_dma.o
    0x0800123e   0x0800123e   0x00000002   PAD
    0x08001240   0x08001240   0x0000009c   Code   RO          599    .text.HAL_DMA_IRQHandler  stm32g4xx_hal_dma.o
    0x080012dc   0x080012dc   0x00000122   Code   RO          585    .text.HAL_DMA_Init  stm32g4xx_hal_dma.o
    0x080013fe   0x080013fe   0x00000002   PAD
    0x08001400   0x08001400   0x000000e2   Code   RO          591    .text.HAL_DMA_Start_IT  stm32g4xx_hal_dma.o
    0x080014e2   0x080014e2   0x00000002   PAD
    0x080014e4   0x080014e4   0x00000028   Code   RO          320    .text.HAL_Delay     stm32g4xx_hal.o
    0x0800150c   0x0800150c   0x000001a8   Code   RO          535    .text.HAL_GPIO_Init  stm32g4xx_hal_gpio.o
    0x080016b4   0x080016b4   0x0000000a   Code   RO          539    .text.HAL_GPIO_ReadPin  stm32g4xx_hal_gpio.o
    0x080016be   0x080016be   0x00000002   PAD
    0x080016c0   0x080016c0   0x0000000c   Code   RO          541    .text.HAL_GPIO_WritePin  stm32g4xx_hal_gpio.o
    0x080016cc   0x080016cc   0x0000000c   Code   RO          312    .text.HAL_GetTick   stm32g4xx_hal.o
    0x080016d8   0x080016d8   0x0000001a   Code   RO          310    .text.HAL_IncTick   stm32g4xx_hal.o
    0x080016f2   0x080016f2   0x00000002   PAD
    0x080016f4   0x080016f4   0x0000001e   Code   RO          300    .text.HAL_Init      stm32g4xx_hal.o
    0x08001712   0x08001712   0x00000002   PAD
    0x08001714   0x08001714   0x0000005a   Code   RO          302    .text.HAL_InitTick  stm32g4xx_hal.o
    0x0800176e   0x0800176e   0x00000002   PAD
    0x08001770   0x08001770   0x00000034   Code   RO          161    .text.HAL_MspInit   stm32g4xx_hal_msp.o
    0x080017a4   0x080017a4   0x00000022   Code   RO          761    .text.HAL_NVIC_EnableIRQ  stm32g4xx_hal_cortex.o
    0x080017c6   0x080017c6   0x00000002   PAD
    0x080017c8   0x080017c8   0x00000056   Code   RO          759    .text.HAL_NVIC_SetPriority  stm32g4xx_hal_cortex.o
    0x0800181e   0x0800181e   0x00000002   PAD
    0x08001820   0x08001820   0x00000020   Code   RO          757    .text.HAL_NVIC_SetPriorityGrouping  stm32g4xx_hal_cortex.o
    0x08001840   0x08001840   0x000000f2   Code   RO          677    .text.HAL_PWREx_ControlVoltageScaling  stm32g4xx_hal_pwr_ex.o
    0x08001932   0x08001932   0x00000002   PAD
    0x08001934   0x08001934   0x00000012   Code   RO          747    .text.HAL_PWREx_DisableUCPDDeadBattery  stm32g4xx_hal_pwr_ex.o
    0x08001946   0x08001946   0x00000002   PAD
    0x08001948   0x08001948   0x000002b4   Code   RO          419    .text.HAL_RCCEx_PeriphCLKConfig  stm32g4xx_hal_rcc_ex.o
    0x08001bfc   0x08001bfc   0x00000312   Code   RO          385    .text.HAL_RCC_ClockConfig  stm32g4xx_hal_rcc.o
    0x08001f0e   0x08001f0e   0x00000002   PAD
    0x08001f10   0x08001f10   0x0000002a   Code   RO          393    .text.HAL_RCC_GetPCLK1Freq  stm32g4xx_hal_rcc.o
    0x08001f3a   0x08001f3a   0x00000002   PAD
    0x08001f3c   0x08001f3c   0x0000002a   Code   RO          395    .text.HAL_RCC_GetPCLK2Freq  stm32g4xx_hal_rcc.o
    0x08001f66   0x08001f66   0x00000002   PAD
    0x08001f68   0x08001f68   0x00000082   Code   RO          387    .text.HAL_RCC_GetSysClockFreq  stm32g4xx_hal_rcc.o
    0x08001fea   0x08001fea   0x00000002   PAD
    0x08001fec   0x08001fec   0x00000492   Code   RO          383    .text.HAL_RCC_OscConfig  stm32g4xx_hal_rcc.o
    0x0800247e   0x0800247e   0x00000002   PAD
    0x08002480   0x08002480   0x0000005c   Code   RO          827    .text.HAL_RTC_GetDate  stm32g4xx_hal_rtc.o
    0x080024dc   0x080024dc   0x00000066   Code   RO          821    .text.HAL_RTC_GetTime  stm32g4xx_hal_rtc.o
    0x08002542   0x08002542   0x00000002   PAD
    0x08002544   0x08002544   0x000000de   Code   RO          803    .text.HAL_RTC_Init  stm32g4xx_hal_rtc.o
    0x08002622   0x08002622   0x00000002   PAD
    0x08002624   0x08002624   0x00000060   Code   RO           67    .text.HAL_RTC_MspInit  rtc.o
    0x08002684   0x08002684   0x0000014e   Code   RO          825    .text.HAL_RTC_SetDate  stm32g4xx_hal_rtc.o
    0x080027d2   0x080027d2   0x00000002   PAD
    0x080027d4   0x080027d4   0x00000186   Code   RO          817    .text.HAL_RTC_SetTime  stm32g4xx_hal_rtc.o
    0x0800295a   0x0800295a   0x00000002   PAD
    0x0800295c   0x0800295c   0x0000002c   Code   RO          769    .text.HAL_SYSTICK_Config  stm32g4xx_hal_cortex.o
    0x08002988   0x08002988   0x000000c6   Code   RO         1256    .text.HAL_TIMEx_ConfigBreakDeadTime  stm32g4xx_hal_tim_ex.o
    0x08002a4e   0x08002a4e   0x00000002   PAD
    0x08002a50   0x08002a50   0x000000ac   Code   RO         1254    .text.HAL_TIMEx_MasterConfigSynchronization  stm32g4xx_hal_tim_ex.o
    0x08002afc   0x08002afc   0x00000062   Code   RO          959    .text.HAL_TIM_Base_Init  stm32g4xx_hal_tim.o
    0x08002b5e   0x08002b5e   0x00000002   PAD
    0x08002b60   0x08002b60   0x00000104   Code   RO           88    .text.HAL_TIM_Base_MspInit  tim.o
    0x08002c64   0x08002c64   0x000001e4   Code   RO         1139    .text.HAL_TIM_ConfigClockSource  stm32g4xx_hal_tim.o
    0x08002e48   0x08002e48   0x00000002   Code   RO         1159    .text.HAL_TIM_ErrorCallback  stm32g4xx_hal_tim.o
    0x08002e4a   0x08002e4a   0x00000002   PAD
    0x08002e4c   0x08002e4c   0x00000002   Code   RO         1095    .text.HAL_TIM_IC_CaptureCallback  stm32g4xx_hal_tim.o
    0x08002e4e   0x08002e4e   0x00000002   PAD
    0x08002e50   0x08002e50   0x00000002   Code   RO         1153    .text.HAL_TIM_IC_CaptureHalfCpltCallback  stm32g4xx_hal_tim.o
    0x08002e52   0x08002e52   0x00000002   PAD
    0x08002e54   0x08002e54   0x00000166   Code   RO         1109    .text.HAL_TIM_IC_ConfigChannel  stm32g4xx_hal_tim.o
    0x08002fba   0x08002fba   0x00000002   PAD
    0x08002fbc   0x08002fbc   0x00000062   Code   RO         1033    .text.HAL_TIM_IC_Init  stm32g4xx_hal_tim.o
    0x0800301e   0x0800301e   0x00000002   PAD
    0x08003020   0x08003020   0x00000002   Code   RO         1035    .text.HAL_TIM_IC_MspInit  stm32g4xx_hal_tim.o
    0x08003022   0x08003022   0x00000002   PAD
    0x08003024   0x08003024   0x0000024e   Code   RO         1049    .text.HAL_TIM_IC_Start_DMA  stm32g4xx_hal_tim.o
    0x08003272   0x08003272   0x00000002   PAD
    0x08003274   0x08003274   0x000003b6   Code   RO         1113    .text.HAL_TIM_PWM_ConfigChannel  stm32g4xx_hal_tim.o
    0x0800362a   0x0800362a   0x00000002   PAD
    0x0800362c   0x0800362c   0x00000062   Code   RO         1013    .text.HAL_TIM_PWM_Init  stm32g4xx_hal_tim.o
    0x0800368e   0x0800368e   0x00000002   PAD
    0x08003690   0x08003690   0x00000002   Code   RO         1015    .text.HAL_TIM_PWM_MspInit  stm32g4xx_hal_tim.o
    0x08003692   0x08003692   0x00000002   PAD
    0x08003694   0x08003694   0x00000148   Code   RO         1021    .text.HAL_TIM_PWM_Start  stm32g4xx_hal_tim.o
    0x080037dc   0x080037dc   0x0000004a   Code   RO         1143    .text.HAL_TIM_SlaveConfigSynchro  stm32g4xx_hal_tim.o
    0x08003826   0x08003826   0x00000002   PAD
    0x08003828   0x08003828   0x00000036   Code   RO         1495    .text.HAL_UARTEx_DisableFifoMode  stm32g4xx_hal_uart_ex.o
    0x0800385e   0x0800385e   0x00000002   PAD
    0x08003860   0x08003860   0x00000054   Code   RO         1505    .text.HAL_UARTEx_ReceiveToIdle_DMA  stm32g4xx_hal_uart_ex.o
    0x080038b4   0x080038b4   0x00000038   Code   RO         1680    .text.HAL_UARTEx_RxEventCallback  uart_app.o
    0x080038ec   0x080038ec   0x00000002   Code   RO         1481    .text.HAL_UARTEx_RxFifoFullCallback  stm32g4xx_hal_uart_ex.o
    0x080038ee   0x080038ee   0x00000002   PAD
    0x080038f0   0x080038f0   0x00000092   Code   RO         1499    .text.HAL_UARTEx_SetRxFifoThreshold  stm32g4xx_hal_uart_ex.o
    0x08003982   0x08003982   0x00000002   PAD
    0x08003984   0x08003984   0x00000092   Code   RO         1497    .text.HAL_UARTEx_SetTxFifoThreshold  stm32g4xx_hal_uart_ex.o
    0x08003a16   0x08003a16   0x00000002   PAD
    0x08003a18   0x08003a18   0x00000002   Code   RO         1483    .text.HAL_UARTEx_TxFifoEmptyCallback  stm32g4xx_hal_uart_ex.o
    0x08003a1a   0x08003a1a   0x00000002   PAD
    0x08003a1c   0x08003a1c   0x00000002   Code   RO         1479    .text.HAL_UARTEx_WakeupCallback  stm32g4xx_hal_uart_ex.o
    0x08003a1e   0x08003a1e   0x00000002   PAD
    0x08003a20   0x08003a20   0x00000002   Code   RO         1421    .text.HAL_UART_ErrorCallback  stm32g4xx_hal_uart.o
    0x08003a22   0x08003a22   0x00000002   PAD
    0x08003a24   0x08003a24   0x000002e6   Code   RO         1417    .text.HAL_UART_IRQHandler  stm32g4xx_hal_uart.o
    0x08003d0a   0x08003d0a   0x00000002   PAD
    0x08003d0c   0x08003d0c   0x00000062   Code   RO         1333    .text.HAL_UART_Init  stm32g4xx_hal_uart.o
    0x08003d6e   0x08003d6e   0x00000002   PAD
    0x08003d70   0x08003d70   0x000000d6   Code   RO          106    .text.HAL_UART_MspInit  usart.o
    0x08003e46   0x08003e46   0x00000002   PAD
    0x08003e48   0x08003e48   0x00000002   Code   RO         1429    .text.HAL_UART_RxCpltCallback  stm32g4xx_hal_uart.o
    0x08003e4a   0x08003e4a   0x00000002   PAD
    0x08003e4c   0x08003e4c   0x00000002   Code   RO         1431    .text.HAL_UART_RxHalfCpltCallback  stm32g4xx_hal_uart.o
    0x08003e4e   0x08003e4e   0x00000002   PAD
    0x08003e50   0x08003e50   0x000000d6   Code   RO         1353    .text.HAL_UART_Transmit  stm32g4xx_hal_uart.o
    0x08003f26   0x08003f26   0x00000002   PAD
    0x08003f28   0x08003f28   0x00000002   Code   RO         1425    .text.HAL_UART_TxCpltCallback  stm32g4xx_hal_uart.o
    0x08003f2a   0x08003f2a   0x00000002   PAD
    0x08003f2c   0x08003f2c   0x00000002   Code   RO          128    .text.HardFault_Handler  stm32g4xx_it.o
    0x08003f2e   0x08003f2e   0x00000002   PAD
    0x08003f30   0x08003f30   0x00000122   Code   RO         1590    .text.LCD_Clear     lcd.o
    0x08004052   0x08004052   0x00000002   PAD
    0x08004054   0x08004054   0x0000023e   Code   RO         1576    .text.LCD_Init      lcd.o
    0x08004292   0x08004292   0x00000002   PAD
    0x08004294   0x08004294   0x00000018   Code   RO         1584    .text.LCD_SetBackColor  lcd.o
    0x080042ac   0x080042ac   0x00000018   Code   RO         1582    .text.LCD_SetTextColor  lcd.o
    0x080042c4   0x080042c4   0x000000b0   Code   RO           35    .text.MX_ADC1_Init  adc.o
    0x08004374   0x08004374   0x00000092   Code   RO           37    .text.MX_ADC2_Init  adc.o
    0x08004406   0x08004406   0x00000002   PAD
    0x08004408   0x08004408   0x00000076   Code   RO           56    .text.MX_DMA_Init   dma.o
    0x0800447e   0x0800447e   0x00000002   PAD
    0x08004480   0x08004480   0x0000014c   Code   RO           26    .text.MX_GPIO_Init  gpio.o
    0x080045cc   0x080045cc   0x0000009a   Code   RO           65    .text.MX_RTC_Init   rtc.o
    0x08004666   0x08004666   0x00000002   PAD
    0x08004668   0x08004668   0x00000186   Code   RO           80    .text.MX_TIM1_Init  tim.o
    0x080047ee   0x080047ee   0x00000002   PAD
    0x080047f0   0x080047f0   0x00000140   Code   RO           84    .text.MX_TIM2_Init  tim.o
    0x08004930   0x08004930   0x000000ea   Code   RO           86    .text.MX_TIM3_Init  tim.o
    0x08004a1a   0x08004a1a   0x00000002   PAD
    0x08004a1c   0x08004a1c   0x000000a6   Code   RO          104    .text.MX_USART1_UART_Init  usart.o
    0x08004ac2   0x08004ac2   0x00000002   PAD
    0x08004ac4   0x08004ac4   0x00000002   Code   RO          130    .text.MemManage_Handler  stm32g4xx_it.o
    0x08004ac6   0x08004ac6   0x00000002   PAD
    0x08004ac8   0x08004ac8   0x00000002   Code   RO          126    .text.NMI_Handler   stm32g4xx_it.o
    0x08004aca   0x08004aca   0x00000002   PAD
    0x08004acc   0x08004acc   0x00000002   Code   RO          140    .text.PendSV_Handler  stm32g4xx_it.o
    0x08004ace   0x08004ace   0x00000002   PAD
    0x08004ad0   0x08004ad0   0x00000a72   Code   RO         1570    .text.REG_8230_Init  lcd.o
    0x08005542   0x08005542   0x00000002   PAD
    0x08005544   0x08005544   0x0000143e   Code   RO         1574    .text.REG_932X_Init  lcd.o
    0x08006982   0x08006982   0x00000002   PAD
    0x08006984   0x08006984   0x00000098   Code   RO          809    .text.RTC_ExitInitMode  stm32g4xx_hal_rtc.o
    0x08006a1c   0x08006a1c   0x00000002   Code   RO          136    .text.SVC_Handler   stm32g4xx_it.o
    0x08006a1e   0x08006a1e   0x00000002   PAD
    0x08006a20   0x08006a20   0x00000004   Code   RO          142    .text.SysTick_Handler  stm32g4xx_it.o
    0x08006a24   0x08006a24   0x00000012   Code   RO         1516    .text.SystemInit    system_stm32g4xx.o
    0x08006a36   0x08006a36   0x00000002   PAD
    0x08006a38   0x08006a38   0x00000106   Code   RO          963    .text.TIM_Base_SetConfig  stm32g4xx_hal_tim.o
    0x08006b3e   0x08006b3e   0x00000002   PAD
    0x08006b40   0x08006b40   0x00000074   Code   RO         1051    .text.TIM_DMACaptureCplt  stm32g4xx_hal_tim.o
    0x08006bb4   0x08006bb4   0x00000038   Code   RO         1053    .text.TIM_DMACaptureHalfCplt  stm32g4xx_hal_tim.o
    0x08006bec   0x08006bec   0x0000005c   Code   RO          983    .text.TIM_DMAError  stm32g4xx_hal_tim.o
    0x08006c48   0x08006c48   0x000000ea   Code   RO         1145    .text.TIM_SlaveTimer_SetConfig  stm32g4xx_hal_tim.o
    0x08006d32   0x08006d32   0x00000002   PAD
    0x08006d34   0x08006d34   0x000000e6   Code   RO         1339    .text.UART_AdvFeatureConfig  stm32g4xx_hal_uart.o
    0x08006e1a   0x08006e1a   0x00000002   PAD
    0x08006e1c   0x08006e1c   0x000000c6   Code   RO         1341    .text.UART_CheckIdleState  stm32g4xx_hal_uart.o
    0x08006ee2   0x08006ee2   0x00000002   PAD
    0x08006ee4   0x08006ee4   0x00000010   Code   RO         1419    .text.UART_DMAAbortOnError  stm32g4xx_hal_uart.o
    0x08006ef4   0x08006ef4   0x00000088   Code   RO         1379    .text.UART_DMAError  stm32g4xx_hal_uart.o
    0x08006f7c   0x08006f7c   0x00000050   Code   RO         1463    .text.UART_DMAReceiveCplt  stm32g4xx_hal_uart.o
    0x08006fcc   0x08006fcc   0x00000016   Code   RO         1465    .text.UART_DMARxHalfCplt  stm32g4xx_hal_uart.o
    0x08006fe2   0x08006fe2   0x00000002   PAD
    0x08006fe4   0x08006fe4   0x00000294   Code   RO         1337    .text.UART_SetConfig  stm32g4xx_hal_uart.o
    0x08007278   0x08007278   0x00000082   Code   RO         1383    .text.UART_Start_Receive_DMA  stm32g4xx_hal_uart.o
    0x080072fa   0x080072fa   0x00000002   PAD
    0x080072fc   0x080072fc   0x000000b4   Code   RO         1355    .text.UART_WaitOnFlagUntilTimeout  stm32g4xx_hal_uart.o
    0x080073b0   0x080073b0   0x00000034   Code   RO          152    .text.USART1_IRQHandler  stm32g4xx_it.o
    0x080073e4   0x080073e4   0x00000002   Code   RO          134    .text.UsageFault_Handler  stm32g4xx_it.o
    0x080073e6   0x080073e6   0x00000002   PAD
    0x080073e8   0x080073e8   0x00000074   Code   RO         1712    .text.adc_proc      adc_app.o
    0x0800745c   0x0800745c   0x0000001e   Code   RO          110    .text.fputc         usart.o
    0x0800747a   0x0800747a   0x00000002   PAD
    0x0800747c   0x0800747c   0x00000060   Code   RO         1797    .text.ic_proc       tim_app.o
    0x080074dc   0x080074dc   0x00000040   Code   RO         1549    .text.key_init      key_app.o
    0x0800751c   0x0800751c   0x0000007c   Code   RO         1547    .text.key_proc      key_app.o
    0x08007598   0x08007598   0x00000002   Code   RO         1648    .text.lcd_proc      lcd_app.o
    0x0800759a   0x0800759a   0x00000002   PAD
    0x0800759c   0x0800759c   0x00000066   Code   RO         1660    .text.led_proc      led_app.o
    0x08007602   0x08007602   0x00000002   PAD
    0x08007604   0x08007604   0x00000034   Code   RO         1722    .text.limit_value   filter.o
    0x08007638   0x08007638   0x00000132   Code   RO           11    .text.main          main.o
    0x0800776a   0x0800776a   0x00000002   PAD
    0x0800776c   0x0800776c   0x0000000e   Code   RO         1694    .text.ringbuffer_init  ringbuffer.o
    0x0800777a   0x0800777a   0x00000002   PAD
    0x0800777c   0x0800777c   0x0000000a   Code   RO         1698    .text.ringbuffer_is_empty  ringbuffer.o
    0x08007786   0x08007786   0x00000002   PAD
    0x08007788   0x08007788   0x0000000c   Code   RO         1696    .text.ringbuffer_is_full  ringbuffer.o
    0x08007794   0x08007794   0x0000005c   Code   RO         1702    .text.ringbuffer_read  ringbuffer.o
    0x080077f0   0x080077f0   0x0000005e   Code   RO         1700    .text.ringbuffer_write  ringbuffer.o
    0x0800784e   0x0800784e   0x00000002   PAD
    0x08007850   0x08007850   0x0000002e   Code   RO         1783    .text.rtc_proc      rtc_app.o
    0x0800787e   0x0800787e   0x00000002   PAD
    0x08007880   0x08007880   0x0000000e   Code   RO         1531    .text.scheduler_init  scheduler.o
    0x0800788e   0x0800788e   0x00000002   PAD
    0x08007890   0x08007890   0x0000004a   Code   RO         1533    .text.scheduler_run  scheduler.o
    0x080078da   0x080078da   0x00000002   PAD
    0x080078dc   0x080078dc   0x00000030   Code   RO         1672    .text.system_init   system.o
    0x0800790c   0x0800790c   0x00000054   Code   RO         1682    .text.uart_proc     uart_app.o
    0x08007960   0x08007960   0x00000020   Code   RO         2055    i.__0printf         mc_w.l(printfa.o)
    0x08007980   0x08007980   0x0000000e   Code   RO         2162    i.__scatterload_copy  mc_w.l(handlers.o)
    0x0800798e   0x0800798e   0x00000002   Code   RO         2163    i.__scatterload_null  mc_w.l(handlers.o)
    0x08007990   0x08007990   0x0000000e   Code   RO         2164    i.__scatterload_zeroinit  mc_w.l(handlers.o)
    0x0800799e   0x0800799e   0x00000002   PAD
    0x080079a0   0x080079a0   0x00000184   Code   RO         2062    i._fp_digits        mc_w.l(printfa.o)
    0x08007b24   0x08007b24   0x000006dc   Code   RO         2063    i._printf_core      mc_w.l(printfa.o)
    0x08008200   0x08008200   0x00000024   Code   RO         2064    i._printf_post_padding  mc_w.l(printfa.o)
    0x08008224   0x08008224   0x0000002e   Code   RO         2065    i._printf_pre_padding  mc_w.l(printfa.o)
    0x08008252   0x08008252   0x00000010   Data   RO         1521    .rodata.AHBPrescTable  system_stm32g4xx.o
    0x08008262   0x08008262   0x00000008   Data   RO         1522    .rodata.APBPrescTable  system_stm32g4xx.o
    0x0800826a   0x0800826a   0x00000018   Data   RO         1467    .rodata.UARTPrescTable  stm32g4xx_hal_uart.o
    0x08008282   0x08008282   0x00000002   PAD
    0x08008284   0x08008284   0x00000010   Data   RO         1468    .rodata.cst16       stm32g4xx_hal_uart.o
    0x08008294   0x08008294   0x00000010   Data   RO         1507    .rodata.cst8        stm32g4xx_hal_uart_ex.o
    0x080082a4   0x080082a4   0x00000020   Data   RO         2161    Region$$Table       anon$$obj.o


    Execution Region RW_IRAM1 (Exec base: 0x20000000, Load base: 0x080082c8, Size: 0x00000bc8, Max: 0x00008000, ABSOLUTE)

    Exec Addr    Load Addr    Size         Type   Attr      Idx    E Section Name        Object

    0x20000000   0x080082c8   0x00000004   Data   RW         2125    .data               mc_w.l(stdout.o)
    0x20000004   0x080082cc   0x00000002   Data   RW         1637    .data.BackColor     lcd.o
    0x20000006   0x080082ce   0x00000002   PAD
    0x20000008   0x080082d0   0x00000004   Data   RW         1520    .data.SystemCoreClock  system_stm32g4xx.o
    0x2000000c   0x080082d4   0x00000001   Data   RW         1662    .data.led_disp.temp_old  led_app.o
    0x2000000d   0x080082d5   0x00000003   PAD
    0x20000010   0x080082d8   0x00000054   Data   RW         1536    .data.scheduler_task  scheduler.o
    0x20000064   0x0800832c   0x00000004   Data   RW          371    .data.uwTickFreq    stm32g4xx_hal.o
    0x20000068   0x08008330   0x00000004   Data   RW          370    .data.uwTickPrio    stm32g4xx_hal.o
    0x2000006c   0x08008334   0x00000004   PAD
    0x20000070        -       0x00000004   Zero   RW           45    .bss.HAL_RCC_ADC12_CLK_ENABLED  adc.o
    0x20000074        -       0x00000002   Zero   RW         1636    .bss.TextColor      lcd.o
    0x20000076   0x08008334   0x00000002   PAD
    0x20000078        -       0x00000008   Zero   RW         1715    .bss.adc_value      adc_app.o
    0x20000080        -       0x00000040   Zero   RW         1559    .bss.btns           key_app.o
    0x200000c0        -       0x00000004   Zero   RW         1786    .bss.date           rtc_app.o
    0x200000c4        -       0x000000f0   Zero   RW         1714    .bss.dma_buff       adc_app.o
    0x200001b4        -       0x00000002   Zero   RW         1635    .bss.dummy          lcd.o
    0x200001b6   0x08008334   0x00000002   PAD
    0x200001b8        -       0x0000006c   Zero   RW           43    .bss.hadc1          adc.o
    0x20000224        -       0x0000006c   Zero   RW           44    .bss.hadc2          adc.o
    0x20000290        -       0x00000060   Zero   RW           46    .bss.hdma_adc1      adc.o
    0x200002f0        -       0x00000060   Zero   RW           47    .bss.hdma_adc2      adc.o
    0x20000350        -       0x00000060   Zero   RW           95    .bss.hdma_tim3_ch1  tim.o
    0x200003b0        -       0x00000060   Zero   RW          117    .bss.hdma_usart1_rx  usart.o
    0x20000410        -       0x00000028   Zero   RW           71    .bss.hrtc           rtc.o
    0x20000438        -       0x0000004c   Zero   RW           92    .bss.htim1          tim.o
    0x20000484        -       0x0000004c   Zero   RW           93    .bss.htim2          tim.o
    0x200004d0        -       0x0000004c   Zero   RW           94    .bss.htim3          tim.o
    0x2000051c        -       0x00000090   Zero   RW          116    .bss.huart1         usart.o
    0x200005ac        -       0x00000001   Zero   RW         1557    .bss.key_down       key_app.o
    0x200005ad        -       0x00000001   Zero   RW         1556    .bss.key_old        key_app.o
    0x200005ae        -       0x00000001   Zero   RW         1558    .bss.key_up         key_app.o
    0x200005af        -       0x00000001   Zero   RW         1555    .bss.key_val        key_app.o
    0x200005b0        -       0x00000001   Zero   RW         1535    .bss.task_num       scheduler.o
    0x200005b1   0x08008334   0x00000003   PAD
    0x200005b4        -       0x00000100   Zero   RW         1801    .bss.tim_ic_buffer  tim_app.o
    0x200006b4        -       0x00000004   Zero   RW         1800    .bss.tim_ic_temp    tim_app.o
    0x200006b8        -       0x00000004   Zero   RW         1799    .bss.tim_ic_val     tim_app.o
    0x200006bc        -       0x00000014   Zero   RW         1785    .bss.time           rtc_app.o
    0x200006d0        -       0x00000080   Zero   RW          115    .bss.uart_rx_dma_buffer  usart.o
    0x20000750        -       0x00000008   Zero   RW         1663    .bss.ucLed          led_app.o
    0x20000758        -       0x0000002c   Zero   RW         1684    .bss.usart_rb       uart_app.o
    0x20000784        -       0x00000040   Zero   RW         1685    .bss.usart_read_buffer  uart_app.o
    0x200007c4        -       0x00000004   Zero   RW          372    .bss.uwTick         stm32g4xx_hal.o
    0x200007c8        -       0x00000400   Zero   RW            1    STACK               startup_stm32g431xx.o


==============================================================================

Image component sizes


      Code (inc. data)   RO Data    RW Data    ZI Data      Debug   Object Name

       732          0          0          0        412       7770   adc.o
       116          8          0          0        248        792   adc_app.o
       118          0          0          0          0       3449   dma.o
        52          0          0          0          0       2108   filter.o
       332          0          0          0          0       2528   gpio.o
       188          0          0          0         68       2718   key_app.o
      8768          0          0          2          4      26004   lcd.o
         2          0          0          0          0       1059   lcd_app.o
       102          0          0          1          8       1729   led_app.o
       316          0          0          0          0       3097   main.o
       222          0          0          0          0       2205   ringbuffer.o
       250          0          0          0         40       4368   rtc.o
        46          0          0          0         24       2436   rtc_app.o
        88          0          0         84          1       1199   scheduler.o
        36          8        472          0       1024        844   startup_stm32g431xx.o
       198          0          0          8          4       8578   stm32g4xx_hal.o
      1824          0          0          0          0      25037   stm32g4xx_hal_adc.o
       194          0          0          0          0      21880   stm32g4xx_hal_adc_ex.o
       196          0          0          0          0      10161   stm32g4xx_hal_cortex.o
       908          0          0          0          0       8861   stm32g4xx_hal_dma.o
       446          0          0          0          0       5246   stm32g4xx_hal_gpio.o
        52          0          0          0          0       1755   stm32g4xx_hal_msp.o
       260          0          0          0          0       9496   stm32g4xx_hal_pwr_ex.o
      2170          0          0          0          0      10056   stm32g4xx_hal_rcc.o
       692          0          0          0          0      10669   stm32g4xx_hal_rcc_ex.o
      1292          0          0          0          0      16499   stm32g4xx_hal_rtc.o
      3848         28          0          0          0      59191   stm32g4xx_hal_tim.o
       370          0          0          0          0      28873   stm32g4xx_hal_tim_ex.o
      2714         46         40          0          0      28405   stm32g4xx_hal_uart.o
       436          0         16          0          0      10398   stm32g4xx_hal_uart_ex.o
       120          0          0          0          0       3691   stm32g4xx_it.o
        48          0          0          0          0        895   system.o
        18          0         24          4          0       2782   system_stm32g4xx.o
      1204          0          0          0        324      10359   tim.o
        96          4          0          0        264       2153   tim_app.o
       140         24          0          0        108       4419   uart_app.o
       410          0          0          0        368       8849   usart.o

    ----------------------------------------------------------------------
     29188        118        586        104       2908     350559   Object Totals
         0          0         32          0          0          0   (incl. Generated)
       184          0          2          5         11          0   (incl. Padding)

    ----------------------------------------------------------------------

      Code (inc. data)   RO Data    RW Data    ZI Data      Debug   Library Member Name

         0          0          0          0          0          0   entry.o
         0          0          0          0          0          0   entry10a.o
         0          0          0          0          0          0   entry11a.o
         8          4          0          0          0          0   entry2.o
         4          0          0          0          0          0   entry5.o
         0          0          0          0          0          0   entry7b.o
         0          0          0          0          0          0   entry8b.o
         8          4          0          0          0          0   entry9a.o
        30          0          0          0          0          0   handlers.o
        48         10          0          0          0         68   init.o
         0          0          0          0          0          0   iusefp.o
        30          0          0          0          0         68   llshl.o
        36          0          0          0          0         68   llsshr.o
        32          0          0          0          0         68   llushr.o
        36          0          0          0          0        108   memseta.o
      2258         90          0          0          0        452   printfa.o
         0          0          0          4          0          0   stdout.o
        44          0          0          0          0         80   uidiv.o
        98          0          0          0          0         92   uldiv.o
        48          0          0          0          0         68   cdrcmple.o
       334          0          0          0          0        148   dadd.o
       222          0          0          0          0        100   ddiv.o
       186          0          0          0          0        176   depilogue.o
        48          0          0          0          0         68   dfixul.o
       228          0          0          0          0         96   dmul.o

    ----------------------------------------------------------------------
      3702        108          0          4          0       1660   Library Totals
         4          0          0          0          0          0   (incl. Padding)

    ----------------------------------------------------------------------

      Code (inc. data)   RO Data    RW Data    ZI Data      Debug   Library Name

      2632        108          0          4          0       1004   mc_w.l
      1066          0          0          0          0        656   mf_w.l

    ----------------------------------------------------------------------
      3702        108          0          4          0       1660   Library Totals

    ----------------------------------------------------------------------

==============================================================================


      Code (inc. data)   RO Data    RW Data    ZI Data      Debug   

     32890        226        586        108       2908     350891   Grand Totals
     32890        226        586        108       2908     350891   ELF Image Totals
     32890        226        586        108          0          0   ROM Totals

==============================================================================

    Total RO  Size (Code + RO Data)                33476 (  32.69kB)
    Total RW  Size (RW Data + ZI Data)              3016 (   2.95kB)
    Total ROM Size (Code + RO Data + RW Data)      33584 (  32.80kB)

==============================================================================

