<html>
<body>
<pre>
<h1>µVision Build Log</h1>
<h2>Tool Versions:</h2>
IDE-Version: ¦ÌVision V5.42.0.0
Copyright (C) 2025 ARM Ltd and ARM Germany GmbH. All rights reserved.
License Information: 234 ºØ³¼, 234, LIC=QF82M-XTNVM-SBZEJ-UPKGJ-RS74T-PLY3I
 
Tool Versions:
Toolchain:       MDK-ARM Plus  Version: 5.42.0.0
Toolchain Path:  D:\keilkeil\MDK\ARM\ARMCLANG\Bin
C Compiler:      ArmClang.exe V6.23
Assembler:       Armasm.exe V6.23
Linker/Locator:  ArmLink.exe V6.23
Library Manager: ArmAr.exe V6.23
Hex Converter:   FromElf.exe V6.23
CPU DLL:         SARMCM3.DLL V5.42.0.0
Dialog DLL:      DCM.DLL V1.17.5.0
Target DLL:      CMSIS_AGDI.dll V1.33.22.0
Dialog DLL:      TCM.DLL V1.56.6.0
 
<h2>Project:</h2>
C:\Users\ºØ³¼\Desktop\1\STM32_Xifeng\STM32_Xifeng\MDK-ARM\STM32_Xifeng.uvprojx
Project File Date:  04/20/2026

<h2>Output:</h2>
*** Using Compiler 'V6.23', folder: 'D:\keilkeil\MDK\ARM\ARMCLANG\Bin'
Rebuild target 'STM32_Xifeng'
assembling startup_stm32g431xx.s...
compiling stm32g4xx_ll_adc.c...
compiling rtc.c...
compiling stm32g4xx_it.c...
compiling stm32g4xx_hal_msp.c...
compiling dma.c...
compiling gpio.c...
compiling usart.c...
compiling adc.c...
compiling stm32g4xx_hal.c...
compiling tim.c...
compiling main.c...
compiling stm32g4xx_hal_rcc.c...
compiling stm32g4xx_hal_adc_ex.c...
compiling stm32g4xx_hal_adc.c...
compiling stm32g4xx_hal_rcc_ex.c...
compiling stm32g4xx_hal_flash.c...
compiling stm32g4xx_hal_flash_ex.c...
compiling stm32g4xx_hal_gpio.c...
compiling stm32g4xx_hal_flash_ramfunc.c...
compiling stm32g4xx_hal_dma_ex.c...
compiling stm32g4xx_hal_exti.c...
compiling stm32g4xx_hal_pwr.c...
compiling stm32g4xx_hal_dma.c...
compiling stm32g4xx_hal_pwr_ex.c...
compiling stm32g4xx_hal_cortex.c...
compiling stm32g4xx_hal_rtc_ex.c...
compiling stm32g4xx_hal_rtc.c...
compiling system_stm32g4xx.c...
compiling stm32g4xx_hal_uart_ex.c...
compiling scheduler.c...
compiling key_app.c...
compiling stm32g4xx_hal_tim_ex.c...
compiling lcd_app.c...
compiling led_app.c...
compiling system.c...
compiling uart_app.c...
compiling stm32g4xx_hal_uart.c...
compiling ringbuffer.c...
compiling adc_app.c...
compiling filter.c...
compiling rtc_app.c...
compiling tim_app.c...
compiling lcd.c...
compiling stm32g4xx_hal_tim.c...
compiling i2c_hal.c...
linking...
Program Size: Code=32890 RO-data=586 RW-data=108 ZI-data=2908  
FromELF: creating hex file...
"STM32_Xifeng\STM32_Xifeng.axf" - 0 Error(s), 0 Warning(s).

<h2>Software Packages used:</h2>

<h2>Collection of Component include folders:</h2>

<h2>Collection of Component Files used:</h2>
Build Time Elapsed:  00:00:02
</pre>
</body>
</html>
